-- Automatically generated by SQLQueryTestSuite
-- Number of queries: 111


-- !query 0
select
  interval '1 day' > interval '23 hour',
  interval '-1 day' >= interval '-25 hour',
  interval '-1 day' > null,
  interval '-1 day' > null,
  null > interval '-1 day',
  interval '1 year' > interval '11 month'
-- !query 0 schema
struct<(INTERVAL '1 days' > INTERVAL '23 hours'):boolean,(INTERVAL '-1 days' >= INTERVAL '-25 hours'):boolean,(INTERVAL '-1 days' > CAST(NULL AS INTERVAL DAY TO SECOND)):boolean,(INTERVAL '-1 days' > CAST(NULL AS INTERVAL DAY TO SECOND)):boolean,(CAST(NULL AS INTERVAL DAY TO SECOND) > INTERVAL '-1 days'):boolean,(INTERVAL '1 years' > INTERVAL '11 months'):boolean>
-- !query 0 output
true	true	NULL	NULL	NULL	true


-- !query 1
select
  interval '1 minutes' < interval '1 hour',
  interval '-1 day' <= interval '-23 hour',
  interval '1 year' < interval '13 month'
-- !query 1 schema
struct<(INTERVAL '1 minutes' < INTERVAL '1 hours'):boolean,(INTERVAL '-1 days' <= INTERVAL '-23 hours'):boolean,(INTERVAL '1 years' < INTERVAL '1 years 1 months'):boolean>
-- !query 1 output
true	true	true


-- !query 2
select
  interval '1 year 2 month' = interval '14 month',
  interval '1 day' = interval '24 hours',
  interval '1 minutes' = interval '60 seconds',
  interval '1 year' = null,
  null = interval '-1 day',
  interval '1 year' <=> null,
  null <=> interval '1 minutes'
-- !query 2 schema
struct<(INTERVAL '1 years 2 months' = INTERVAL '1 years 2 months'):boolean,(INTERVAL '1 days' = INTERVAL '24 hours'):boolean,(INTERVAL '1 minutes' = INTERVAL '1 minutes'):boolean,(INTERVAL '1 years' = CAST(NULL AS INTERVAL YEAR TO MONTH)):boolean,(CAST(NULL AS INTERVAL DAY TO SECOND) = INTERVAL '-1 days'):boolean,(INTERVAL '1 years' <=> CAST(NULL AS INTERVAL YEAR TO MONTH)):boolean,(CAST(NULL AS INTERVAL DAY TO SECOND) <=> INTERVAL '1 minutes'):boolean>
-- !query 2 output
true	true	true	NULL	NULL	false	false


-- !query 3
select interval '1 year' = interval '360 days'
-- !query 3 schema
struct<>
-- !query 3 output
org.apache.spark.sql.AnalysisException
cannot resolve '(INTERVAL '1 years' = INTERVAL '360 days')' due to data type mismatch: differing types in '(INTERVAL '1 years' = INTERVAL '360 days')' (interval year to month and interval day to second).; line 1 pos 7


-- !query 4
select interval '1 month' = interval '30 days'
-- !query 4 schema
struct<>
-- !query 4 output
org.apache.spark.sql.AnalysisException
cannot resolve '(INTERVAL '1 months' = INTERVAL '30 days')' due to data type mismatch: differing types in '(INTERVAL '1 months' = INTERVAL '30 days')' (interval year to month and interval day to second).; line 1 pos 7


-- !query 5
select v from VALUES (interval '1 seconds'), (interval '4 seconds'), (interval '3 seconds') t(v) order by v
-- !query 5 schema
struct<v:interval day to second>
-- !query 5 output
1 seconds
3 seconds
4 seconds


-- !query 6
select v from VALUES (interval '1 year'), (interval '4 year'), (interval '18 month') t(v) order by v
-- !query 6 schema
struct<v:interval year to month>
-- !query 6 output
1 years
1 years 6 months
4 years


-- !query 7
select max(v) from VALUES (interval '1 seconds'), (interval '4 seconds'), (interval '3 seconds') t(v)
-- !query 7 schema
struct<max(v):interval day to second>
-- !query 7 output
4 seconds


-- !query 8
select max(v) from VALUES (interval '1 year'), (interval '4 year'), (interval '18 month') t(v)
-- !query 8 schema
struct<max(v):interval year to month>
-- !query 8 output
4 years


-- !query 9
select min(v) from VALUES (interval '1 seconds'), (interval '4 seconds'), (interval '3 seconds') t(v)
-- !query 9 schema
struct<min(v):interval day to second>
-- !query 9 output
1 seconds


-- !query 10
select min(v) from VALUES (interval '1 year'), (interval '4 year'), (interval '18 month') t(v)
-- !query 10 schema
struct<min(v):interval year to month>
-- !query 10 output
1 years


-- !query 11
select 3 * (timestamp'2019-10-15 10:11:12.001002' - date'2019-10-15')
-- !query 11 schema
struct<multiply_interval(subtracttimestamps(TIMESTAMP '2019-10-15 10:11:12.001002', CAST(DATE '2019-10-15' AS TIMESTAMP)), CAST(3 AS DOUBLE)):interval day to second>
-- !query 11 output
30 hours 33 minutes 36.003006 seconds


-- !query 12
select interval 2 weeks 3 microseconds * 1.5
-- !query 12 schema
struct<multiply_interval(INTERVAL '14 days 0.000003 seconds', CAST(1.5 AS DOUBLE)):interval day to second>
-- !query 12 output
21 days 0.000005 seconds


-- !query 13
select interval 2 year / 2
-- !query 13 schema
struct<divide_interval(INTERVAL '2 years', CAST(2 AS DOUBLE)):interval year to month>
-- !query 13 output
1 years


-- !query 14
select (timestamp'2019-10-15' - timestamp'2019-10-14') / 1.5
-- !query 14 schema
struct<divide_interval(subtracttimestamps(TIMESTAMP '2019-10-15 00:00:00', TIMESTAMP '2019-10-14 00:00:00'), CAST(1.5 AS DOUBLE)):interval day to second>
-- !query 14 output
16 hours


-- !query 15
select interval '2 seconds' / 0
-- !query 15 schema
struct<>
-- !query 15 output
java.lang.ArithmeticException
divide by zero


-- !query 16
select interval '2 seconds' / null
-- !query 16 schema
struct<divide_interval(INTERVAL '2 seconds', CAST(NULL AS DOUBLE)):interval day to second>
-- !query 16 output
NULL


-- !query 17
select interval '2 seconds' * null
-- !query 17 schema
struct<multiply_interval(INTERVAL '2 seconds', CAST(NULL AS DOUBLE)):interval day to second>
-- !query 17 output
NULL


-- !query 18
select null * interval '2 seconds'
-- !query 18 schema
struct<multiply_interval(INTERVAL '2 seconds', CAST(NULL AS DOUBLE)):interval day to second>
-- !query 18 output
NULL


-- !query 19
select -interval '-1 month'
-- !query 19 schema
struct<(- INTERVAL '-1 months'):interval year to month>
-- !query 19 output
1 months


-- !query 20
select -interval 1 day -1 second
-- !query 20 schema
struct<(- INTERVAL '1 days -1 seconds'):interval day to second>
-- !query 20 output
-1 days 1 seconds


-- !query 21
select +interval '1 day -1 second'
-- !query 21 schema
struct<(+ INTERVAL '1 days -1 seconds'):interval day to second>
-- !query 21 output
1 days -1 seconds


-- !query 22
select +interval -1 month
-- !query 22 schema
struct<(+ INTERVAL '-1 months'):interval year to month>
-- !query 22 output
-1 months


-- !query 23
select make_interval(1)
-- !query 23 schema
struct<make_interval(1, 0, 0, 0, 0, 0, 0.000000):interval>
-- !query 23 output
1 years


-- !query 24
select make_interval(1, 2)
-- !query 24 schema
struct<make_interval(1, 2, 0, 0, 0, 0, 0.000000):interval>
-- !query 24 output
1 years 2 months


-- !query 25
select make_interval(1, 2, 3)
-- !query 25 schema
struct<make_interval(1, 2, 3, 0, 0, 0, 0.000000):interval>
-- !query 25 output
1 years 2 months 21 days


-- !query 26
select make_interval(1, 2, 3, 4)
-- !query 26 schema
struct<make_interval(1, 2, 3, 4, 0, 0, 0.000000):interval>
-- !query 26 output
1 years 2 months 25 days


-- !query 27
select make_interval(1, 2, 3, 4, 5)
-- !query 27 schema
struct<make_interval(1, 2, 3, 4, 5, 0, 0.000000):interval>
-- !query 27 output
1 years 2 months 25 days 5 hours


-- !query 28
select make_interval(1, 2, 3, 4, 5, 6)
-- !query 28 schema
struct<make_interval(1, 2, 3, 4, 5, 6, 0.000000):interval>
-- !query 28 output
1 years 2 months 25 days 5 hours 6 minutes


-- !query 29
select make_interval(1, 2, 3, 4, 5, 6, 7.008009)
-- !query 29 schema
struct<make_interval(1, 2, 3, 4, 5, 6, CAST(7.008009 AS DECIMAL(8,6))):interval>
-- !query 29 output
1 years 2 months 25 days 5 hours 6 minutes 7.008009 seconds


-- !query 30
select cast('1 year' as interval year to month)
-- !query 30 schema
struct<CAST(1 year AS INTERVAL YEAR TO MONTH):interval year to month>
-- !query 30 output
1 years


-- !query 31
select cast('1 year' as interval day to second)
-- !query 31 schema
struct<CAST(1 year AS INTERVAL DAY TO SECOND):interval day to second>
-- !query 31 output
NULL


-- !query 32
select cast('1 second' as interval day to second)
-- !query 32 schema
struct<CAST(1 second AS INTERVAL DAY TO SECOND):interval day to second>
-- !query 32 output
1 seconds


-- !query 33
select cast('+1 second' as interval day to second)
-- !query 33 schema
struct<CAST(+1 second AS INTERVAL DAY TO SECOND):interval day to second>
-- !query 33 output
1 seconds


-- !query 34
select cast('-1 second' as interval day to second)
-- !query 34 schema
struct<CAST(-1 second AS INTERVAL DAY TO SECOND):interval day to second>
-- !query 34 output
-1 seconds


-- !query 35
select cast('+     1 second' as interval day to second)
-- !query 35 schema
struct<CAST(+     1 second AS INTERVAL DAY TO SECOND):interval day to second>
-- !query 35 output
1 seconds


-- !query 36
select cast('-     1 second' as interval day to second)
-- !query 36 schema
struct<CAST(-     1 second AS INTERVAL DAY TO SECOND):interval day to second>
-- !query 36 output
-1 seconds


-- !query 37
select cast('- -1 second' as interval day to second)
-- !query 37 schema
struct<CAST(- -1 second AS INTERVAL DAY TO SECOND):interval day to second>
-- !query 37 output
NULL


-- !query 38
select cast('- +1 second' as interval day to second)
-- !query 38 schema
struct<CAST(- +1 second AS INTERVAL DAY TO SECOND):interval day to second>
-- !query 38 output
NULL


-- !query 39
select interval 13.123456789 seconds, interval -13.123456789 second
-- !query 39 schema
struct<INTERVAL '13.123456 seconds':interval day to second,INTERVAL '-13.123456 seconds':interval day to second>
-- !query 39 output
13.123456 seconds	-13.123456 seconds


-- !query 40
select interval 1 year 2 month 3 week 4 day 5 hour 6 minute 7 seconds 8 millisecond 9 microsecond
-- !query 40 schema
struct<>
-- !query 40 output
java.lang.IllegalArgumentException
Can not use year-month and day-time units together


-- !query 41
select interval '30' year '25' month '-100' day '40' hour '80' minute '299.889987299' second
-- !query 41 schema
struct<>
-- !query 41 output
java.lang.IllegalArgumentException
Can not use year-month and day-time units together


-- !query 42
select interval '0 0:0:0.1' day to second
-- !query 42 schema
struct<INTERVAL '0.1 seconds':interval day to second>
-- !query 42 output
0.1 seconds


-- !query 43
select interval '10-9' year to month
-- !query 43 schema
struct<INTERVAL '10 years 9 months':interval year to month>
-- !query 43 output
10 years 9 months


-- !query 44
select interval '20 15' day to hour
-- !query 44 schema
struct<INTERVAL '20 days 15 hours':interval day to second>
-- !query 44 output
20 days 15 hours


-- !query 45
select interval '20 15:40' day to minute
-- !query 45 schema
struct<INTERVAL '20 days 15 hours 40 minutes':interval day to second>
-- !query 45 output
20 days 15 hours 40 minutes


-- !query 46
select interval '20 15:40:32.99899999' day to second
-- !query 46 schema
struct<INTERVAL '20 days 15 hours 40 minutes 32.998999 seconds':interval day to second>
-- !query 46 output
20 days 15 hours 40 minutes 32.998999 seconds


-- !query 47
select interval '15:40' hour to minute
-- !query 47 schema
struct<INTERVAL '15 hours 40 minutes':interval day to second>
-- !query 47 output
15 hours 40 minutes


-- !query 48
select interval '15:40:32.99899999' hour to second
-- !query 48 schema
struct<INTERVAL '15 hours 40 minutes 32.998999 seconds':interval day to second>
-- !query 48 output
15 hours 40 minutes 32.998999 seconds


-- !query 49
select interval '40:32.99899999' minute to second
-- !query 49 schema
struct<INTERVAL '40 minutes 32.998999 seconds':interval day to second>
-- !query 49 output
40 minutes 32.998999 seconds


-- !query 50
select interval '40:32' minute to second
-- !query 50 schema
struct<INTERVAL '40 minutes 32 seconds':interval day to second>
-- !query 50 output
40 minutes 32 seconds


-- !query 51
select interval 30 day day
-- !query 51 schema
struct<>
-- !query 51 output
org.apache.spark.sql.catalyst.parser.ParseException

no viable alternative at input 'day'(line 1, pos 23)

== SQL ==
select interval 30 day day
-----------------------^^^


-- !query 52
select interval '20 15:40:32.99899999' day to hour
-- !query 52 schema
struct<>
-- !query 52 output
org.apache.spark.sql.catalyst.parser.ParseException

requirement failed: Interval string must match day-time format of '^(?<sign>[+|-])?(?<day>\d+) (?<hour>\d{1,2})$': 20 15:40:32.99899999(line 1, pos 16)

== SQL ==
select interval '20 15:40:32.99899999' day to hour
----------------^^^


-- !query 53
select interval '20 15:40:32.99899999' day to minute
-- !query 53 schema
struct<>
-- !query 53 output
org.apache.spark.sql.catalyst.parser.ParseException

requirement failed: Interval string must match day-time format of '^(?<sign>[+|-])?(?<day>\d+) (?<hour>\d{1,2}):(?<minute>\d{1,2})$': 20 15:40:32.99899999(line 1, pos 16)

== SQL ==
select interval '20 15:40:32.99899999' day to minute
----------------^^^


-- !query 54
select interval '15:40:32.99899999' hour to minute
-- !query 54 schema
struct<>
-- !query 54 output
org.apache.spark.sql.catalyst.parser.ParseException

requirement failed: Interval string must match day-time format of '^(?<sign>[+|-])?(?<hour>\d{1,2}):(?<minute>\d{1,2})$': 15:40:32.99899999(line 1, pos 16)

== SQL ==
select interval '15:40:32.99899999' hour to minute
----------------^^^


-- !query 55
select interval '15:40.99899999' hour to second
-- !query 55 schema
struct<>
-- !query 55 output
org.apache.spark.sql.catalyst.parser.ParseException

requirement failed: Interval string must match day-time format of '^(?<sign>[+|-])?(?<hour>\d{1,2}):(?<minute>\d{1,2}):(?<second>(\d{1,2})(\.(\d{1,9}))?)$': 15:40.99899999(line 1, pos 16)

== SQL ==
select interval '15:40.99899999' hour to second
----------------^^^


-- !query 56
select interval '15:40' hour to second
-- !query 56 schema
struct<>
-- !query 56 output
org.apache.spark.sql.catalyst.parser.ParseException

requirement failed: Interval string must match day-time format of '^(?<sign>[+|-])?(?<hour>\d{1,2}):(?<minute>\d{1,2}):(?<second>(\d{1,2})(\.(\d{1,9}))?)$': 15:40(line 1, pos 16)

== SQL ==
select interval '15:40' hour to second
----------------^^^


-- !query 57
select interval '20 40:32.99899999' minute to second
-- !query 57 schema
struct<>
-- !query 57 output
org.apache.spark.sql.catalyst.parser.ParseException

requirement failed: Interval string must match day-time format of '^(?<sign>[+|-])?(?<minute>\d{1,2}):(?<second>(\d{1,2})(\.(\d{1,9}))?)$': 20 40:32.99899999(line 1, pos 16)

== SQL ==
select interval '20 40:32.99899999' minute to second
----------------^^^


-- !query 58
select interval 10 nanoseconds
-- !query 58 schema
struct<>
-- !query 58 output
org.apache.spark.sql.catalyst.parser.ParseException

Error parsing ' 10 nanoseconds' to interval, invalid unit 'nanoseconds'(line 1, pos 16)

== SQL ==
select interval 10 nanoseconds
----------------^^^


-- !query 59
select map(1, interval 1 day, 2, interval 3 week)
-- !query 59 schema
struct<map(1, INTERVAL '1 days', 2, INTERVAL '21 days'):map<int,interval day to second>>
-- !query 59 output
{1:1 days,2:21 days}


-- !query 60
select interval 'interval 3 year 1 hour'
-- !query 60 schema
struct<>
-- !query 60 output
org.apache.spark.sql.catalyst.parser.ParseException

Can not use year-month and day-time units together(line 1, pos 7)

== SQL ==
select interval 'interval 3 year 1 hour'
-------^^^


-- !query 61
select interval '3 year 1 hour'
-- !query 61 schema
struct<>
-- !query 61 output
org.apache.spark.sql.catalyst.parser.ParseException

Can not use year-month and day-time units together(line 1, pos 7)

== SQL ==
select interval '3 year 1 hour'
-------^^^


-- !query 62
select interval
-- !query 62 schema
struct<>
-- !query 62 output
org.apache.spark.sql.catalyst.parser.ParseException

at least one time unit should be given for interval literal(line 1, pos 7)

== SQL ==
select interval
-------^^^


-- !query 63
select interval 1 fake_unit
-- !query 63 schema
struct<>
-- !query 63 output
org.apache.spark.sql.catalyst.parser.ParseException

Error parsing ' 1 fake_unit' to interval, invalid unit 'fake_unit'(line 1, pos 16)

== SQL ==
select interval 1 fake_unit
----------------^^^


-- !query 64
select interval 1 year to month
-- !query 64 schema
struct<>
-- !query 64 output
org.apache.spark.sql.catalyst.parser.ParseException

The value of from-to unit must be a string(line 1, pos 16)

== SQL ==
select interval 1 year to month
----------------^^^


-- !query 65
select interval '1' year to second
-- !query 65 schema
struct<>
-- !query 65 output
org.apache.spark.sql.catalyst.parser.ParseException

Intervals FROM year TO second are not supported.(line 1, pos 16)

== SQL ==
select interval '1' year to second
----------------^^^


-- !query 66
select interval '10-9' year to month '2-1' year to month
-- !query 66 schema
struct<>
-- !query 66 output
org.apache.spark.sql.catalyst.parser.ParseException

Can only have a single from-to unit in the interval literal syntax(line 1, pos 37)

== SQL ==
select interval '10-9' year to month '2-1' year to month
-------------------------------------^^^


-- !query 67
select interval '10-9' year to month '12:11:10' hour to second
-- !query 67 schema
struct<>
-- !query 67 output
org.apache.spark.sql.catalyst.parser.ParseException

Can only have a single from-to unit in the interval literal syntax(line 1, pos 37)

== SQL ==
select interval '10-9' year to month '12:11:10' hour to second
-------------------------------------^^^


-- !query 68
select interval '1 15:11' day to minute '12:11:10' hour to second
-- !query 68 schema
struct<>
-- !query 68 output
org.apache.spark.sql.catalyst.parser.ParseException

Can only have a single from-to unit in the interval literal syntax(line 1, pos 40)

== SQL ==
select interval '1 15:11' day to minute '12:11:10' hour to second
----------------------------------------^^^


-- !query 69
select interval 1 year '2-1' year to month
-- !query 69 schema
struct<>
-- !query 69 output
org.apache.spark.sql.catalyst.parser.ParseException

Can only have a single from-to unit in the interval literal syntax(line 1, pos 23)

== SQL ==
select interval 1 year '2-1' year to month
-----------------------^^^


-- !query 70
select interval 1 year '12:11:10' hour to second
-- !query 70 schema
struct<>
-- !query 70 output
org.apache.spark.sql.catalyst.parser.ParseException

Can only have a single from-to unit in the interval literal syntax(line 1, pos 23)

== SQL ==
select interval 1 year '12:11:10' hour to second
-----------------------^^^


-- !query 71
select interval '10-9' year to month '1' year
-- !query 71 schema
struct<>
-- !query 71 output
org.apache.spark.sql.catalyst.parser.ParseException

Can only have a single from-to unit in the interval literal syntax(line 1, pos 37)

== SQL ==
select interval '10-9' year to month '1' year
-------------------------------------^^^


-- !query 72
select interval '12:11:10' hour to second '1' year
-- !query 72 schema
struct<>
-- !query 72 output
org.apache.spark.sql.catalyst.parser.ParseException

Can only have a single from-to unit in the interval literal syntax(line 1, pos 42)

== SQL ==
select interval '12:11:10' hour to second '1' year
------------------------------------------^^^


-- !query 73
select interval (-30) day
-- !query 73 schema
struct<>
-- !query 73 output
org.apache.spark.sql.catalyst.parser.ParseException

no viable alternative at input 'day'(line 1, pos 22)

== SQL ==
select interval (-30) day
----------------------^^^


-- !query 74
select interval (a + 1) day
-- !query 74 schema
struct<>
-- !query 74 output
org.apache.spark.sql.catalyst.parser.ParseException

no viable alternative at input 'day'(line 1, pos 24)

== SQL ==
select interval (a + 1) day
------------------------^^^


-- !query 75
select interval 30 day day day
-- !query 75 schema
struct<>
-- !query 75 output
org.apache.spark.sql.catalyst.parser.ParseException

no viable alternative at input 'day'(line 1, pos 23)

== SQL ==
select interval 30 day day day
-----------------------^^^


-- !query 76
select sum(cast(null as interval year to second))
-- !query 76 schema
struct<>
-- !query 76 output
org.apache.spark.sql.catalyst.parser.ParseException

mismatched input 'second' expecting 'MONTH'(line 1, pos 41)

== SQL ==
select sum(cast(null as interval year to second))
-----------------------------------------^^^


-- !query 77
select sum(cast(v as interval day to second)) from VALUES (interval '1 seconds') t(v) where 1=0
-- !query 77 schema
struct<sum(CAST(v AS INTERVAL DAY TO SECOND)):interval day to second>
-- !query 77 output
NULL


-- !query 78
select sum(v) from VALUES (interval '1 seconds'), (interval '2 seconds'), (null) t(v)
-- !query 78 schema
struct<sum(v):interval day to second>
-- !query 78 output
3 seconds


-- !query 79
select sum(v) from VALUES (interval '-1 seconds'), (interval '2 seconds'), (null) t(v)
-- !query 79 schema
struct<sum(v):interval day to second>
-- !query 79 output
1 seconds


-- !query 80
select sum(v) from VALUES (interval '-1 seconds'), (interval '-2 seconds'), (null) t(v)
-- !query 80 schema
struct<sum(v):interval day to second>
-- !query 80 output
-3 seconds


-- !query 81
select sum(v) from VALUES (interval '-1 weeks'), (interval '2 seconds'), (null) t(v)
-- !query 81 schema
struct<sum(v):interval day to second>
-- !query 81 output
-7 days 2 seconds


-- !query 82
select
    i,
    sum(v)
from VALUES (interval 1, '-1 weeks'), (2, interval '2 seconds'), (3, null), (1, interval '5 days') t(i, v)
group by i
-- !query 82 schema
struct<>
-- !query 82 output
org.apache.spark.sql.catalyst.parser.ParseException

no viable alternative at input 'VALUES (interval 1,'(line 4, pos 23)

== SQL ==
select
    i,
    sum(v)
from VALUES (interval 1, '-1 weeks'), (2, interval '2 seconds'), (3, null), (1, interval '5 days') t(i, v)
-----------------------^^^
group by i


-- !query 83
select
    sum(v) as sv
from VALUES (1, interval '-1 weeks'), (2, interval '2 seconds'), (3, null), (1, interval '5 days') t(i, v)
having sv is not null
-- !query 83 schema
struct<sv:interval day to second>
-- !query 83 output
-2 days 2 seconds


-- !query 84
SELECT
    i,
    sum(v) OVER (ORDER BY i ROWS BETWEEN CURRENT ROW AND UNBOUNDED FOLLOWING)
FROM VALUES(1, interval '1 seconds'), (1, interval '2 seconds'), (2, NULL), (2, NULL) t(i,v)
-- !query 84 schema
struct<i:int,sum(v) OVER (ORDER BY i ASC NULLS FIRST ROWS BETWEEN CURRENT ROW AND UNBOUNDED FOLLOWING):interval day to second>
-- !query 84 output
1	2 seconds
1	3 seconds
2	NULL
2	NULL


-- !query 85
select avg(v) from VALUES (interval '1 seconds'), (interval '2 seconds'), (null) t(v) where v is null
-- !query 85 schema
struct<avg(v):interval day to second>
-- !query 85 output
NULL


-- !query 86
select avg(v) from VALUES (interval '1 seconds'), (interval '2 seconds'), (null) t(v) where 1=0
-- !query 86 schema
struct<avg(v):interval day to second>
-- !query 86 output
NULL


-- !query 87
select avg(v) from VALUES (interval '1 seconds'), (interval '2 seconds'), (null) t(v)
-- !query 87 schema
struct<avg(v):interval day to second>
-- !query 87 output
1.5 seconds


-- !query 88
select avg(v) from VALUES (interval '-1 seconds'), (interval '2 seconds'), (null) t(v)
-- !query 88 schema
struct<avg(v):interval day to second>
-- !query 88 output
0.5 seconds


-- !query 89
select avg(v) from VALUES (interval '-1 seconds'), (interval '-2 seconds'), (null) t(v)
-- !query 89 schema
struct<avg(v):interval day to second>
-- !query 89 output
-1.5 seconds


-- !query 90
select avg(v) from VALUES (interval '-1 weeks'), (interval '2 seconds'), (null) t(v)
-- !query 90 schema
struct<avg(v):interval day to second>
-- !query 90 output
-3 days -11 hours -59 minutes -59 seconds


-- !query 91
select
    i,
    avg(v)
from VALUES (1, '-1 weeks'), (2, '2 seconds'), (3, null), (1, '5 days') t(i, v)
group by i
-- !query 91 schema
struct<i:int,avg(CAST(v AS DOUBLE)):double>
-- !query 91 output
1	NULL
2	NULL
3	NULL


-- !query 92
select
    avg(v) as sv
from VALUES (1, '-1 weeks'), (2, '2 seconds'), (3, null), (1, '5 days') t(i, v)
having sv is not null
-- !query 92 schema
struct<sv:double>
-- !query 92 output



-- !query 93
SELECT
    i,
    avg(v) OVER (ORDER BY i ROWS BETWEEN CURRENT ROW AND UNBOUNDED FOLLOWING)
FROM VALUES (1,'1 seconds'), (1,'2 seconds'), (2,NULL), (2,NULL) t(i,v)
-- !query 93 schema
struct<i:int,avg(CAST(v AS DOUBLE)) OVER (ORDER BY i ASC NULLS FIRST ROWS BETWEEN CURRENT ROW AND UNBOUNDED FOLLOWING):double>
-- !query 93 output
1	NULL
1	NULL
2	NULL
2	NULL


-- !query 94
create temporary view interval_arithmetic as
  select CAST(dateval AS date), CAST(tsval AS timestamp) from values
    ('2012-01-01', '2012-01-01')
    as interval_arithmetic(dateval, tsval)
-- !query 94 schema
struct<>
-- !query 94 output



-- !query 95
select
  dateval,
  dateval - interval '2-2' year to month,
  dateval - interval '-2-2' year to month,
  dateval + interval '2-2' year to month,
  dateval + interval '-2-2' year to month,
  - interval '2-2' year to month + dateval,
  interval '2-2' year to month + dateval
from interval_arithmetic
-- !query 95 schema
struct<dateval:date,CAST(CAST(dateval AS TIMESTAMP) - INTERVAL '2 years 2 months' AS DATE):date,CAST(CAST(dateval AS TIMESTAMP) - INTERVAL '-2 years -2 months' AS DATE):date,CAST(CAST(dateval AS TIMESTAMP) + INTERVAL '2 years 2 months' AS DATE):date,CAST(CAST(dateval AS TIMESTAMP) + INTERVAL '-2 years -2 months' AS DATE):date,CAST(CAST(dateval AS TIMESTAMP) + (- INTERVAL '2 years 2 months') AS DATE):date,CAST(CAST(dateval AS TIMESTAMP) + INTERVAL '2 years 2 months' AS DATE):date>
-- !query 95 output
2012-01-01	2009-11-01	2014-03-01	2014-03-01	2009-11-01	2009-11-01	2014-03-01


-- !query 96
select
  tsval,
  tsval - interval '2-2' year to month,
  tsval - interval '-2-2' year to month,
  tsval + interval '2-2' year to month,
  tsval + interval '-2-2' year to month,
  - interval '2-2' year to month + tsval,
  interval '2-2' year to month + tsval
from interval_arithmetic
-- !query 96 schema
struct<tsval:timestamp,CAST(tsval - INTERVAL '2 years 2 months' AS TIMESTAMP):timestamp,CAST(tsval - INTERVAL '-2 years -2 months' AS TIMESTAMP):timestamp,CAST(tsval + INTERVAL '2 years 2 months' AS TIMESTAMP):timestamp,CAST(tsval + INTERVAL '-2 years -2 months' AS TIMESTAMP):timestamp,CAST(tsval + (- INTERVAL '2 years 2 months') AS TIMESTAMP):timestamp,CAST(tsval + INTERVAL '2 years 2 months' AS TIMESTAMP):timestamp>
-- !query 96 output
2012-01-01 00:00:00	2009-11-01 00:00:00	2014-03-01 00:00:00	2014-03-01 00:00:00	2009-11-01 00:00:00	2009-11-01 00:00:00	2014-03-01 00:00:00


-- !query 97
select
  interval '2-2' year to month + interval '3-3' year to month,
  interval '2-2' year to month - interval '3-3' year to month
from interval_arithmetic
-- !query 97 schema
struct<(INTERVAL '2 years 2 months' + INTERVAL '3 years 3 months'):interval year to month,(INTERVAL '2 years 2 months' - INTERVAL '3 years 3 months'):interval year to month>
-- !query 97 output
5 years 5 months	-1 years -1 months


-- !query 98
select
  dateval,
  dateval - interval '99 11:22:33.123456789' day to second,
  dateval - interval '-99 11:22:33.123456789' day to second,
  dateval + interval '99 11:22:33.123456789' day to second,
  dateval + interval '-99 11:22:33.123456789' day to second,
  -interval '99 11:22:33.123456789' day to second + dateval,
  interval '99 11:22:33.123456789' day to second + dateval
from interval_arithmetic
-- !query 98 schema
struct<dateval:date,CAST(CAST(dateval AS TIMESTAMP) - INTERVAL '99 days 11 hours 22 minutes 33.123456 seconds' AS DATE):date,CAST(CAST(dateval AS TIMESTAMP) - INTERVAL '-99 days -11 hours -22 minutes -33.123456 seconds' AS DATE):date,CAST(CAST(dateval AS TIMESTAMP) + INTERVAL '99 days 11 hours 22 minutes 33.123456 seconds' AS DATE):date,CAST(CAST(dateval AS TIMESTAMP) + INTERVAL '-99 days -11 hours -22 minutes -33.123456 seconds' AS DATE):date,CAST(CAST(dateval AS TIMESTAMP) + (- INTERVAL '99 days 11 hours 22 minutes 33.123456 seconds') AS DATE):date,CAST(CAST(dateval AS TIMESTAMP) + INTERVAL '99 days 11 hours 22 minutes 33.123456 seconds' AS DATE):date>
-- !query 98 output
2012-01-01	2011-09-23	2012-04-09	2012-04-09	2011-09-23	2011-09-23	2012-04-09


-- !query 99
select
  tsval,
  tsval - interval '99 11:22:33.123456789' day to second,
  tsval - interval '-99 11:22:33.123456789' day to second,
  tsval + interval '99 11:22:33.123456789' day to second,
  tsval + interval '-99 11:22:33.123456789' day to second,
  -interval '99 11:22:33.123456789' day to second + tsval,
  interval '99 11:22:33.123456789' day to second + tsval
from interval_arithmetic
-- !query 99 schema
struct<tsval:timestamp,CAST(tsval - INTERVAL '99 days 11 hours 22 minutes 33.123456 seconds' AS TIMESTAMP):timestamp,CAST(tsval - INTERVAL '-99 days -11 hours -22 minutes -33.123456 seconds' AS TIMESTAMP):timestamp,CAST(tsval + INTERVAL '99 days 11 hours 22 minutes 33.123456 seconds' AS TIMESTAMP):timestamp,CAST(tsval + INTERVAL '-99 days -11 hours -22 minutes -33.123456 seconds' AS TIMESTAMP):timestamp,CAST(tsval + (- INTERVAL '99 days 11 hours 22 minutes 33.123456 seconds') AS TIMESTAMP):timestamp,CAST(tsval + INTERVAL '99 days 11 hours 22 minutes 33.123456 seconds' AS TIMESTAMP):timestamp>
-- !query 99 output
2012-01-01 00:00:00	2011-09-23 12:37:26.876544	2012-04-09 11:22:33.123456	2012-04-09 11:22:33.123456	2011-09-23 12:37:26.876544	2011-09-23 12:37:26.876544	2012-04-09 11:22:33.123456


-- !query 100
select
  interval '99 11:22:33.123456789' day to second + interval '10 9:8:7.123456789' day to second,
  interval '99 11:22:33.123456789' day to second - interval '10 9:8:7.123456789' day to second
from interval_arithmetic
-- !query 100 schema
struct<(INTERVAL '99 days 11 hours 22 minutes 33.123456 seconds' + INTERVAL '10 days 9 hours 8 minutes 7.123456 seconds'):interval day to second,(INTERVAL '99 days 11 hours 22 minutes 33.123456 seconds' - INTERVAL '10 days 9 hours 8 minutes 7.123456 seconds'):interval day to second>
-- !query 100 output
109 days 20 hours 30 minutes 40.246912 seconds	89 days 2 hours 14 minutes 26 seconds


-- !query 101
select interval '\t interval 1 day'
-- !query 101 schema
struct<INTERVAL '1 days':interval day to second>
-- !query 101 output
1 days


-- !query 102
select interval 'interval \t 1\tday'
-- !query 102 schema
struct<INTERVAL '1 days':interval day to second>
-- !query 102 output
1 days


-- !query 103
select interval 'interval\t1\tday'
-- !query 103 schema
struct<INTERVAL '1 days':interval day to second>
-- !query 103 output
1 days


-- !query 104
select interval '1\t' day
-- !query 104 schema
struct<INTERVAL '1 days':interval day to second>
-- !query 104 output
1 days


-- !query 105
select interval '1 ' day
-- !query 105 schema
struct<INTERVAL '1 days':interval day to second>
-- !query 105 output
1 days


-- !query 106
select -(a) from values (interval '-2147483648 months', interval '2147483647 months') t(a, b)
-- !query 106 schema
struct<>
-- !query 106 output
java.lang.ArithmeticException
integer overflow


-- !query 107
select a - b from values (interval '-2147483648 months', interval '2147483647 months') t(a, b)
-- !query 107 schema
struct<>
-- !query 107 output
java.lang.ArithmeticException
integer overflow


-- !query 108
select b + interval '1 month' from values (interval '-2147483648 months', interval '2147483647 months') t(a, b)
-- !query 108 schema
struct<>
-- !query 108 output
java.lang.ArithmeticException
integer overflow


-- !query 109
select a * 1.1 from values (interval '-2147483648 months', interval '2147483647 months') t(a, b)
-- !query 109 schema
struct<>
-- !query 109 output
java.lang.ArithmeticException
integer overflow


-- !query 110
select a / 0.5 from values (interval '-2147483648 months', interval '2147483647 months') t(a, b)
-- !query 110 schema
struct<>
-- !query 110 output
java.lang.ArithmeticException
integer overflow
