-- Automatically generated by SQLQueryTestSuite
-- Number of queries: 10


-- !query
select to_timestamp('9', 'D')
-- !query schema
struct<to_timestamp(9, D):timestamp>
-- !query output
1970-01-09 00:00:00


-- !query
select to_timestamp('99', 'DD')
-- !query schema
struct<to_timestamp(99, DD):timestamp>
-- !query output
1970-04-09 00:00:00


-- !query
select to_timestamp('365', 'DD')
-- !query schema
struct<to_timestamp(365, DD):timestamp>
-- !query output
1970-12-31 00:00:00


-- !query
select to_timestamp('31-365', 'dd-DDD')
-- !query schema
struct<to_timestamp(31-365, dd-DDD):timestamp>
-- !query output
1970-12-31 00:00:00


-- !query
select to_timestamp('12-365', 'MM-DDD')
-- !query schema
struct<to_timestamp(12-365, MM-DDD):timestamp>
-- !query output
1970-12-31 00:00:00


-- !query
select to_timestamp('2020-365', 'yyyy-DDD')
-- !query schema
struct<to_timestamp(2020-365, yyyy-DDD):timestamp>
-- !query output
2020-12-30 00:00:00


-- !query
select to_timestamp('12-31-365', 'MM-dd-DDD')
-- !query schema
struct<to_timestamp(12-31-365, MM-dd-DDD):timestamp>
-- !query output
1970-12-31 00:00:00


-- !query
select to_timestamp('2020-30-365', 'yyyy-dd-DDD')
-- !query schema
struct<to_timestamp(2020-30-365, yyyy-dd-DDD):timestamp>
-- !query output
2020-12-30 00:00:00


-- !query
select to_timestamp('2020-11-350', 'yyyy-MM-DDD')
-- !query schema
struct<to_timestamp(2020-11-350, yyyy-MM-DDD):timestamp>
-- !query output
NULL


-- !query
select to_timestamp('2020-12-31-366', 'yyyy-MM-dd-DDD')
-- !query schema
struct<to_timestamp(2020-12-31-366, yyyy-MM-dd-DDD):timestamp>
-- !query output
2020-12-31 00:00:00
