-- Automatically generated by SQLQueryTestSuite
-- Number of queries: 10


-- !query
select to_timestamp('10', 'D')
-- !query schema
struct<to_timestamp(10, D):timestamp>
-- !query output
1970-01-10 00:00:00


-- !query
select to_timestamp('100', 'DD')
-- !query schema
struct<>
-- !query output
org.apache.spark.SparkUpgradeException
You may get a different result due to the upgrading of Spark 3.0: Fail to parse '100' in the new parser. You can set spark.sql.legacy.timeParserPolicy to LEGACY to restore the behavior before Spark 3.0, or set to CORRECTED and treat it as an invalid datetime string.


-- !query
select to_timestamp('366', 'DD')
-- !query schema
struct<to_timestamp(366, DD):timestamp>
-- !query output
NULL


-- !query
select to_timestamp('30-365', 'dd-DDD')
-- !query schema
struct<to_timestamp(30-365, dd-DDD):timestamp>
-- !query output
NULL


-- !query
select to_timestamp('11-365', 'MM-DDD')
-- !query schema
struct<to_timestamp(11-365, MM-DDD):timestamp>
-- !query output
NULL


-- !query
select to_timestamp('2019-366', 'yyyy-DDD')
-- !query schema
struct<to_timestamp(2019-366, yyyy-DDD):timestamp>
-- !query output
NULL


-- !query
select to_timestamp('12-30-365', 'MM-dd-DDD')
-- !query schema
struct<to_timestamp(12-30-365, MM-dd-DDD):timestamp>
-- !query output
NULL


-- !query
select to_timestamp('2020-01-365', 'yyyy-dd-DDD')
-- !query schema
struct<to_timestamp(2020-01-365, yyyy-dd-DDD):timestamp>
-- !query output
NULL


-- !query
select to_timestamp('2020-10-350', 'yyyy-MM-DDD')
-- !query schema
struct<to_timestamp(2020-10-350, yyyy-MM-DDD):timestamp>
-- !query output
NULL


-- !query
select to_timestamp('2020-11-31-366', 'yyyy-MM-dd-DDD')
-- !query schema
struct<to_timestamp(2020-11-31-366, yyyy-MM-dd-DDD):timestamp>
-- !query output
NULL
