-- Automatically generated by SQLQueryTestSuite
-- Number of queries: 168


-- !query 0
CREATE TEMPORARY VIEW t AS select '2011-05-06 07:08:09.1234567' as c
-- !query 0 schema
struct<>
-- !query 0 output



-- !query 1
select date_part('millennium', c) from t
-- !query 1 schema
struct<date_part('millennium', t.`c`):int>
-- !query 1 output
3


-- !query 2
select date_part('millennia', c) from t
-- !query 2 schema
struct<date_part('millennia', t.`c`):int>
-- !query 2 output
3


-- !query 3
select date_part('mil', c) from t
-- !query 3 schema
struct<date_part('mil', t.`c`):int>
-- !query 3 output
3


-- !query 4
select date_part('mils', c) from t
-- !query 4 schema
struct<date_part('mils', t.`c`):int>
-- !query 4 output
3


-- !query 5
select date_part('century', c) from t
-- !query 5 schema
struct<date_part('century', t.`c`):int>
-- !query 5 output
21


-- !query 6
select date_part('centuries', c) from t
-- !query 6 schema
struct<date_part('centuries', t.`c`):int>
-- !query 6 output
21


-- !query 7
select date_part('c', c) from t
-- !query 7 schema
struct<date_part('c', t.`c`):int>
-- !query 7 output
21


-- !query 8
select date_part('cent', c) from t
-- !query 8 schema
struct<date_part('cent', t.`c`):int>
-- !query 8 output
21


-- !query 9
select date_part('decade', c) from t
-- !query 9 schema
struct<date_part('decade', t.`c`):int>
-- !query 9 output
201


-- !query 10
select date_part('decades', c) from t
-- !query 10 schema
struct<date_part('decades', t.`c`):int>
-- !query 10 output
201


-- !query 11
select date_part('dec', c) from t
-- !query 11 schema
struct<date_part('dec', t.`c`):int>
-- !query 11 output
201


-- !query 12
select date_part('decs', c) from t
-- !query 12 schema
struct<date_part('decs', t.`c`):int>
-- !query 12 output
201


-- !query 13
select date_part('year', c) from t
-- !query 13 schema
struct<date_part('year', t.`c`):int>
-- !query 13 output
2011


-- !query 14
select date_part('y', c) from t
-- !query 14 schema
struct<date_part('y', t.`c`):int>
-- !query 14 output
2011


-- !query 15
select date_part('years', c) from t
-- !query 15 schema
struct<date_part('years', t.`c`):int>
-- !query 15 output
2011


-- !query 16
select date_part('yr', c) from t
-- !query 16 schema
struct<date_part('yr', t.`c`):int>
-- !query 16 output
2011


-- !query 17
select date_part('yrs', c) from t
-- !query 17 schema
struct<date_part('yrs', t.`c`):int>
-- !query 17 output
2011


-- !query 18
select date_part('quarter', c) from t
-- !query 18 schema
struct<date_part('quarter', t.`c`):int>
-- !query 18 output
2


-- !query 19
select date_part('qtr', c) from t
-- !query 19 schema
struct<date_part('qtr', t.`c`):int>
-- !query 19 output
2


-- !query 20
select date_part('month', c) from t
-- !query 20 schema
struct<date_part('month', t.`c`):int>
-- !query 20 output
5


-- !query 21
select date_part('mon', c) from t
-- !query 21 schema
struct<date_part('mon', t.`c`):int>
-- !query 21 output
5


-- !query 22
select date_part('mons', c) from t
-- !query 22 schema
struct<date_part('mons', t.`c`):int>
-- !query 22 output
5


-- !query 23
select date_part('months', c) from t
-- !query 23 schema
struct<date_part('months', t.`c`):int>
-- !query 23 output
5


-- !query 24
select date_part('week', c) from t
-- !query 24 schema
struct<date_part('week', t.`c`):int>
-- !query 24 output
18


-- !query 25
select date_part('w', c) from t
-- !query 25 schema
struct<date_part('w', t.`c`):int>
-- !query 25 output
18


-- !query 26
select date_part('weeks', c) from t
-- !query 26 schema
struct<date_part('weeks', t.`c`):int>
-- !query 26 output
18


-- !query 27
select date_part('day', c) from t
-- !query 27 schema
struct<date_part('day', t.`c`):int>
-- !query 27 output
6


-- !query 28
select date_part('d', c) from t
-- !query 28 schema
struct<date_part('d', t.`c`):int>
-- !query 28 output
6


-- !query 29
select date_part('days', c) from t
-- !query 29 schema
struct<date_part('days', t.`c`):int>
-- !query 29 output
6


-- !query 30
select date_part('dayofweek', c) from t
-- !query 30 schema
struct<date_part('dayofweek', t.`c`):int>
-- !query 30 output
6


-- !query 31
select date_part('dow', c) from t
-- !query 31 schema
struct<date_part('dow', t.`c`):int>
-- !query 31 output
5


-- !query 32
select date_part('isodow', c) from t
-- !query 32 schema
struct<date_part('isodow', t.`c`):int>
-- !query 32 output
5


-- !query 33
select date_part('doy', c) from t
-- !query 33 schema
struct<date_part('doy', t.`c`):int>
-- !query 33 output
126


-- !query 34
select date_part('hour', c) from t
-- !query 34 schema
struct<date_part('hour', t.`c`):int>
-- !query 34 output
7


-- !query 35
select date_part('h', c) from t
-- !query 35 schema
struct<date_part('h', t.`c`):int>
-- !query 35 output
7


-- !query 36
select date_part('hours', c) from t
-- !query 36 schema
struct<date_part('hours', t.`c`):int>
-- !query 36 output
7


-- !query 37
select date_part('hr', c) from t
-- !query 37 schema
struct<date_part('hr', t.`c`):int>
-- !query 37 output
7


-- !query 38
select date_part('hrs', c) from t
-- !query 38 schema
struct<date_part('hrs', t.`c`):int>
-- !query 38 output
7


-- !query 39
select date_part('minute', c) from t
-- !query 39 schema
struct<date_part('minute', t.`c`):int>
-- !query 39 output
8


-- !query 40
select date_part('m', c) from t
-- !query 40 schema
struct<date_part('m', t.`c`):int>
-- !query 40 output
8


-- !query 41
select date_part('min', c) from t
-- !query 41 schema
struct<date_part('min', t.`c`):int>
-- !query 41 output
8


-- !query 42
select date_part('mins', c) from t
-- !query 42 schema
struct<date_part('mins', t.`c`):int>
-- !query 42 output
8


-- !query 43
select date_part('minutes', c) from t
-- !query 43 schema
struct<date_part('minutes', t.`c`):int>
-- !query 43 output
8


-- !query 44
select date_part('second', c) from t
-- !query 44 schema
struct<date_part('second', t.`c`):decimal(8,6)>
-- !query 44 output
9.123456


-- !query 45
select date_part('s', c) from t
-- !query 45 schema
struct<date_part('s', t.`c`):decimal(8,6)>
-- !query 45 output
9.123456


-- !query 46
select date_part('sec', c) from t
-- !query 46 schema
struct<date_part('sec', t.`c`):decimal(8,6)>
-- !query 46 output
9.123456


-- !query 47
select date_part('seconds', c) from t
-- !query 47 schema
struct<date_part('seconds', t.`c`):decimal(8,6)>
-- !query 47 output
9.123456


-- !query 48
select date_part('secs', c) from t
-- !query 48 schema
struct<date_part('secs', t.`c`):decimal(8,6)>
-- !query 48 output
9.123456


-- !query 49
select date_part('not_supported', c) from t
-- !query 49 schema
struct<>
-- !query 49 output
org.apache.spark.sql.AnalysisException
Literals of type 'not_supported' are currently not supported for the string type.;; line 1 pos 7


-- !query 50
select date_part(c, c) from t
-- !query 50 schema
struct<>
-- !query 50 output
org.apache.spark.sql.AnalysisException
The field parameter needs to be a foldable string value.;; line 1 pos 7


-- !query 51
select date_part(null, c) from t
-- !query 51 schema
struct<date_part(NULL, t.`c`):double>
-- !query 51 output
NULL


-- !query 52
CREATE TEMPORARY VIEW t2 AS select interval 1010 year 9 month as c
-- !query 52 schema
struct<>
-- !query 52 output



-- !query 53
select date_part('millennium', c) from t2
-- !query 53 schema
struct<date_part('millennium', t2.`c`):int>
-- !query 53 output
1


-- !query 54
select date_part('millennia', c) from t2
-- !query 54 schema
struct<date_part('millennia', t2.`c`):int>
-- !query 54 output
1


-- !query 55
select date_part('mil', c) from t2
-- !query 55 schema
struct<date_part('mil', t2.`c`):int>
-- !query 55 output
1


-- !query 56
select date_part('mils', c) from t2
-- !query 56 schema
struct<date_part('mils', t2.`c`):int>
-- !query 56 output
1


-- !query 57
select date_part('century', c) from t2
-- !query 57 schema
struct<date_part('century', t2.`c`):int>
-- !query 57 output
10


-- !query 58
select date_part('centuries', c) from t2
-- !query 58 schema
struct<date_part('centuries', t2.`c`):int>
-- !query 58 output
10


-- !query 59
select date_part('c', c) from t2
-- !query 59 schema
struct<date_part('c', t2.`c`):int>
-- !query 59 output
10


-- !query 60
select date_part('cent', c) from t2
-- !query 60 schema
struct<date_part('cent', t2.`c`):int>
-- !query 60 output
10


-- !query 61
select date_part('decade', c) from t2
-- !query 61 schema
struct<date_part('decade', t2.`c`):int>
-- !query 61 output
101


-- !query 62
select date_part('decades', c) from t2
-- !query 62 schema
struct<date_part('decades', t2.`c`):int>
-- !query 62 output
101


-- !query 63
select date_part('dec', c) from t2
-- !query 63 schema
struct<date_part('dec', t2.`c`):int>
-- !query 63 output
101


-- !query 64
select date_part('decs', c) from t2
-- !query 64 schema
struct<date_part('decs', t2.`c`):int>
-- !query 64 output
101


-- !query 65
select date_part('year', c) from t2
-- !query 65 schema
struct<date_part('year', t2.`c`):int>
-- !query 65 output
1010


-- !query 66
select date_part('y', c) from t2
-- !query 66 schema
struct<date_part('y', t2.`c`):int>
-- !query 66 output
1010


-- !query 67
select date_part('years', c) from t2
-- !query 67 schema
struct<date_part('years', t2.`c`):int>
-- !query 67 output
1010


-- !query 68
select date_part('yr', c) from t2
-- !query 68 schema
struct<date_part('yr', t2.`c`):int>
-- !query 68 output
1010


-- !query 69
select date_part('yrs', c) from t2
-- !query 69 schema
struct<date_part('yrs', t2.`c`):int>
-- !query 69 output
1010


-- !query 70
select date_part('quarter', c) from t2
-- !query 70 schema
struct<date_part('quarter', t2.`c`):tinyint>
-- !query 70 output
4


-- !query 71
select date_part('qtr', c) from t2
-- !query 71 schema
struct<date_part('qtr', t2.`c`):tinyint>
-- !query 71 output
4


-- !query 72
select date_part('month', c) from t2
-- !query 72 schema
struct<date_part('month', t2.`c`):tinyint>
-- !query 72 output
9


-- !query 73
select date_part('mon', c) from t2
-- !query 73 schema
struct<date_part('mon', t2.`c`):tinyint>
-- !query 73 output
9


-- !query 74
select date_part('mons', c) from t2
-- !query 74 schema
struct<date_part('mons', t2.`c`):tinyint>
-- !query 74 output
9


-- !query 75
select date_part('months', c) from t2
-- !query 75 schema
struct<date_part('months', t2.`c`):tinyint>
-- !query 75 output
9


-- !query 76
select date_part('day', c) from t2
-- !query 76 schema
struct<date_part('day', t2.`c`):int>
-- !query 76 output
0


-- !query 77
select date_part('d', c) from t2
-- !query 77 schema
struct<date_part('d', t2.`c`):int>
-- !query 77 output
0


-- !query 78
select date_part('days', c) from t2
-- !query 78 schema
struct<date_part('days', t2.`c`):int>
-- !query 78 output
0


-- !query 79
select date_part('hour', c) from t2
-- !query 79 schema
struct<date_part('hour', t2.`c`):bigint>
-- !query 79 output
0


-- !query 80
select date_part('h', c) from t2
-- !query 80 schema
struct<date_part('h', t2.`c`):bigint>
-- !query 80 output
0


-- !query 81
select date_part('hours', c) from t2
-- !query 81 schema
struct<date_part('hours', t2.`c`):bigint>
-- !query 81 output
0


-- !query 82
select date_part('hr', c) from t2
-- !query 82 schema
struct<date_part('hr', t2.`c`):bigint>
-- !query 82 output
0


-- !query 83
select date_part('hrs', c) from t2
-- !query 83 schema
struct<date_part('hrs', t2.`c`):bigint>
-- !query 83 output
0


-- !query 84
select date_part('minute', c) from t2
-- !query 84 schema
struct<date_part('minute', t2.`c`):tinyint>
-- !query 84 output
0


-- !query 85
select date_part('m', c) from t2
-- !query 85 schema
struct<date_part('m', t2.`c`):tinyint>
-- !query 85 output
0


-- !query 86
select date_part('min', c) from t2
-- !query 86 schema
struct<date_part('min', t2.`c`):tinyint>
-- !query 86 output
0


-- !query 87
select date_part('mins', c) from t2
-- !query 87 schema
struct<date_part('mins', t2.`c`):tinyint>
-- !query 87 output
0


-- !query 88
select date_part('minutes', c) from t2
-- !query 88 schema
struct<date_part('minutes', t2.`c`):tinyint>
-- !query 88 output
0


-- !query 89
select date_part('second', c) from t2
-- !query 89 schema
struct<date_part('second', t2.`c`):decimal(8,6)>
-- !query 89 output
0.000000


-- !query 90
select date_part('s', c) from t2
-- !query 90 schema
struct<date_part('s', t2.`c`):decimal(8,6)>
-- !query 90 output
0.000000


-- !query 91
select date_part('sec', c) from t2
-- !query 91 schema
struct<date_part('sec', t2.`c`):decimal(8,6)>
-- !query 91 output
0.000000


-- !query 92
select date_part('seconds', c) from t2
-- !query 92 schema
struct<date_part('seconds', t2.`c`):decimal(8,6)>
-- !query 92 output
0.000000


-- !query 93
select date_part('secs', c) from t2
-- !query 93 schema
struct<date_part('secs', t2.`c`):decimal(8,6)>
-- !query 93 output
0.000000


-- !query 94
select date_part('milliseconds', c) from t2
-- !query 94 schema
struct<date_part('milliseconds', t2.`c`):decimal(8,3)>
-- !query 94 output
0.000


-- !query 95
select date_part('msec', c) from t2
-- !query 95 schema
struct<date_part('msec', t2.`c`):decimal(8,3)>
-- !query 95 output
0.000


-- !query 96
select date_part('msecs', c) from t2
-- !query 96 schema
struct<date_part('msecs', t2.`c`):decimal(8,3)>
-- !query 96 output
0.000


-- !query 97
select date_part('millisecon', c) from t2
-- !query 97 schema
struct<date_part('millisecon', t2.`c`):decimal(8,3)>
-- !query 97 output
0.000


-- !query 98
select date_part('mseconds', c) from t2
-- !query 98 schema
struct<date_part('mseconds', t2.`c`):decimal(8,3)>
-- !query 98 output
0.000


-- !query 99
select date_part('ms', c) from t2
-- !query 99 schema
struct<date_part('ms', t2.`c`):decimal(8,3)>
-- !query 99 output
0.000


-- !query 100
select date_part('microseconds', c) from t2
-- !query 100 schema
struct<date_part('microseconds', t2.`c`):bigint>
-- !query 100 output
0


-- !query 101
select date_part('usec', c) from t2
-- !query 101 schema
struct<date_part('usec', t2.`c`):bigint>
-- !query 101 output
0


-- !query 102
select date_part('usecs', c) from t2
-- !query 102 schema
struct<date_part('usecs', t2.`c`):bigint>
-- !query 102 output
0


-- !query 103
select date_part('useconds', c) from t2
-- !query 103 schema
struct<date_part('useconds', t2.`c`):bigint>
-- !query 103 output
0


-- !query 104
select date_part('microsecon', c) from t2
-- !query 104 schema
struct<date_part('microsecon', t2.`c`):bigint>
-- !query 104 output
0


-- !query 105
select date_part('us', c) from t2
-- !query 105 schema
struct<date_part('us', t2.`c`):bigint>
-- !query 105 output
0


-- !query 106
select date_part('epoch', c) from t2
-- !query 106 schema
struct<date_part('epoch', t2.`c`):decimal(18,6)>
-- !query 106 output
31896504000.000000


-- !query 107
select date_part('not_supported', c) from t2
-- !query 107 schema
struct<>
-- !query 107 output
org.apache.spark.sql.AnalysisException
Literals of type 'not_supported' are currently not supported for the interval year to month type.;; line 1 pos 7


-- !query 108
select date_part(c, c) from t2
-- !query 108 schema
struct<>
-- !query 108 output
org.apache.spark.sql.AnalysisException
The field parameter needs to be a foldable string value.;; line 1 pos 7


-- !query 109
select date_part(null, c) from t2
-- !query 109 schema
struct<date_part(NULL, t2.`c`):double>
-- !query 109 output
NULL


-- !query 110
CREATE TEMPORARY VIEW t3 AS select interval 8 day 7 hour 6 minute 5 second 4 millisecond 3 microsecond as c
-- !query 110 schema
struct<>
-- !query 110 output



-- !query 111
select date_part('millennium', c) from t3
-- !query 111 schema
struct<date_part('millennium', t3.`c`):int>
-- !query 111 output
0


-- !query 112
select date_part('millennia', c) from t3
-- !query 112 schema
struct<date_part('millennia', t3.`c`):int>
-- !query 112 output
0


-- !query 113
select date_part('mil', c) from t3
-- !query 113 schema
struct<date_part('mil', t3.`c`):int>
-- !query 113 output
0


-- !query 114
select date_part('mils', c) from t3
-- !query 114 schema
struct<date_part('mils', t3.`c`):int>
-- !query 114 output
0


-- !query 115
select date_part('century', c) from t3
-- !query 115 schema
struct<date_part('century', t3.`c`):int>
-- !query 115 output
0


-- !query 116
select date_part('centuries', c) from t3
-- !query 116 schema
struct<date_part('centuries', t3.`c`):int>
-- !query 116 output
0


-- !query 117
select date_part('c', c) from t3
-- !query 117 schema
struct<date_part('c', t3.`c`):int>
-- !query 117 output
0


-- !query 118
select date_part('cent', c) from t3
-- !query 118 schema
struct<date_part('cent', t3.`c`):int>
-- !query 118 output
0


-- !query 119
select date_part('decade', c) from t3
-- !query 119 schema
struct<date_part('decade', t3.`c`):int>
-- !query 119 output
0


-- !query 120
select date_part('decades', c) from t3
-- !query 120 schema
struct<date_part('decades', t3.`c`):int>
-- !query 120 output
0


-- !query 121
select date_part('dec', c) from t3
-- !query 121 schema
struct<date_part('dec', t3.`c`):int>
-- !query 121 output
0


-- !query 122
select date_part('decs', c) from t3
-- !query 122 schema
struct<date_part('decs', t3.`c`):int>
-- !query 122 output
0


-- !query 123
select date_part('year', c) from t3
-- !query 123 schema
struct<date_part('year', t3.`c`):int>
-- !query 123 output
0


-- !query 124
select date_part('y', c) from t3
-- !query 124 schema
struct<date_part('y', t3.`c`):int>
-- !query 124 output
0


-- !query 125
select date_part('years', c) from t3
-- !query 125 schema
struct<date_part('years', t3.`c`):int>
-- !query 125 output
0


-- !query 126
select date_part('yr', c) from t3
-- !query 126 schema
struct<date_part('yr', t3.`c`):int>
-- !query 126 output
0


-- !query 127
select date_part('yrs', c) from t3
-- !query 127 schema
struct<date_part('yrs', t3.`c`):int>
-- !query 127 output
0


-- !query 128
select date_part('quarter', c) from t3
-- !query 128 schema
struct<date_part('quarter', t3.`c`):tinyint>
-- !query 128 output
1


-- !query 129
select date_part('qtr', c) from t3
-- !query 129 schema
struct<date_part('qtr', t3.`c`):tinyint>
-- !query 129 output
1


-- !query 130
select date_part('month', c) from t3
-- !query 130 schema
struct<date_part('month', t3.`c`):tinyint>
-- !query 130 output
0


-- !query 131
select date_part('mon', c) from t3
-- !query 131 schema
struct<date_part('mon', t3.`c`):tinyint>
-- !query 131 output
0


-- !query 132
select date_part('mons', c) from t3
-- !query 132 schema
struct<date_part('mons', t3.`c`):tinyint>
-- !query 132 output
0


-- !query 133
select date_part('months', c) from t3
-- !query 133 schema
struct<date_part('months', t3.`c`):tinyint>
-- !query 133 output
0


-- !query 134
select date_part('day', c) from t3
-- !query 134 schema
struct<date_part('day', t3.`c`):int>
-- !query 134 output
8


-- !query 135
select date_part('d', c) from t3
-- !query 135 schema
struct<date_part('d', t3.`c`):int>
-- !query 135 output
8


-- !query 136
select date_part('days', c) from t3
-- !query 136 schema
struct<date_part('days', t3.`c`):int>
-- !query 136 output
8


-- !query 137
select date_part('hour', c) from t3
-- !query 137 schema
struct<date_part('hour', t3.`c`):bigint>
-- !query 137 output
7


-- !query 138
select date_part('h', c) from t3
-- !query 138 schema
struct<date_part('h', t3.`c`):bigint>
-- !query 138 output
7


-- !query 139
select date_part('hours', c) from t3
-- !query 139 schema
struct<date_part('hours', t3.`c`):bigint>
-- !query 139 output
7


-- !query 140
select date_part('hr', c) from t3
-- !query 140 schema
struct<date_part('hr', t3.`c`):bigint>
-- !query 140 output
7


-- !query 141
select date_part('hrs', c) from t3
-- !query 141 schema
struct<date_part('hrs', t3.`c`):bigint>
-- !query 141 output
7


-- !query 142
select date_part('minute', c) from t3
-- !query 142 schema
struct<date_part('minute', t3.`c`):tinyint>
-- !query 142 output
6


-- !query 143
select date_part('m', c) from t3
-- !query 143 schema
struct<date_part('m', t3.`c`):tinyint>
-- !query 143 output
6


-- !query 144
select date_part('min', c) from t3
-- !query 144 schema
struct<date_part('min', t3.`c`):tinyint>
-- !query 144 output
6


-- !query 145
select date_part('mins', c) from t3
-- !query 145 schema
struct<date_part('mins', t3.`c`):tinyint>
-- !query 145 output
6


-- !query 146
select date_part('minutes', c) from t3
-- !query 146 schema
struct<date_part('minutes', t3.`c`):tinyint>
-- !query 146 output
6


-- !query 147
select date_part('second', c) from t3
-- !query 147 schema
struct<date_part('second', t3.`c`):decimal(8,6)>
-- !query 147 output
5.004003


-- !query 148
select date_part('s', c) from t3
-- !query 148 schema
struct<date_part('s', t3.`c`):decimal(8,6)>
-- !query 148 output
5.004003


-- !query 149
select date_part('sec', c) from t3
-- !query 149 schema
struct<date_part('sec', t3.`c`):decimal(8,6)>
-- !query 149 output
5.004003


-- !query 150
select date_part('seconds', c) from t3
-- !query 150 schema
struct<date_part('seconds', t3.`c`):decimal(8,6)>
-- !query 150 output
5.004003


-- !query 151
select date_part('secs', c) from t3
-- !query 151 schema
struct<date_part('secs', t3.`c`):decimal(8,6)>
-- !query 151 output
5.004003


-- !query 152
select date_part('milliseconds', c) from t3
-- !query 152 schema
struct<date_part('milliseconds', t3.`c`):decimal(8,3)>
-- !query 152 output
5004.003


-- !query 153
select date_part('msec', c) from t3
-- !query 153 schema
struct<date_part('msec', t3.`c`):decimal(8,3)>
-- !query 153 output
5004.003


-- !query 154
select date_part('msecs', c) from t3
-- !query 154 schema
struct<date_part('msecs', t3.`c`):decimal(8,3)>
-- !query 154 output
5004.003


-- !query 155
select date_part('millisecon', c) from t3
-- !query 155 schema
struct<date_part('millisecon', t3.`c`):decimal(8,3)>
-- !query 155 output
5004.003


-- !query 156
select date_part('mseconds', c) from t3
-- !query 156 schema
struct<date_part('mseconds', t3.`c`):decimal(8,3)>
-- !query 156 output
5004.003


-- !query 157
select date_part('ms', c) from t3
-- !query 157 schema
struct<date_part('ms', t3.`c`):decimal(8,3)>
-- !query 157 output
5004.003


-- !query 158
select date_part('microseconds', c) from t3
-- !query 158 schema
struct<date_part('microseconds', t3.`c`):bigint>
-- !query 158 output
5004003


-- !query 159
select date_part('usec', c) from t3
-- !query 159 schema
struct<date_part('usec', t3.`c`):bigint>
-- !query 159 output
5004003


-- !query 160
select date_part('usecs', c) from t3
-- !query 160 schema
struct<date_part('usecs', t3.`c`):bigint>
-- !query 160 output
5004003


-- !query 161
select date_part('useconds', c) from t3
-- !query 161 schema
struct<date_part('useconds', t3.`c`):bigint>
-- !query 161 output
5004003


-- !query 162
select date_part('microsecon', c) from t3
-- !query 162 schema
struct<date_part('microsecon', t3.`c`):bigint>
-- !query 162 output
5004003


-- !query 163
select date_part('us', c) from t3
-- !query 163 schema
struct<date_part('us', t3.`c`):bigint>
-- !query 163 output
5004003


-- !query 164
select date_part('epoch', c) from t3
-- !query 164 schema
struct<date_part('epoch', t3.`c`):decimal(18,6)>
-- !query 164 output
716765.004003


-- !query 165
select date_part('not_supported', c) from t3
-- !query 165 schema
struct<>
-- !query 165 output
org.apache.spark.sql.AnalysisException
Literals of type 'not_supported' are currently not supported for the interval day to second type.;; line 1 pos 7


-- !query 166
select date_part(c, c) from t3
-- !query 166 schema
struct<>
-- !query 166 output
org.apache.spark.sql.AnalysisException
The field parameter needs to be a foldable string value.;; line 1 pos 7


-- !query 167
select date_part(null, c) from t3
-- !query 167 schema
struct<date_part(NULL, t3.`c`):double>
-- !query 167 output
NULL
