-- Automatically generated by SQLQueryTestSuite
-- Number of queries: 21


-- !query
select to_timestamp('1', 'y')
-- !query schema
struct<to_timestamp(1, y):timestamp>
-- !query output
0001-01-01 00:00:00


-- !query
select to_timestamp('123456', 'y')
-- !query schema
struct<to_timestamp(123456, y):timestamp>
-- !query output
123456-01-01 00:00:00


-- !query
select to_timestamp('12', 'yy')
-- !query schema
struct<to_timestamp(12, yy):timestamp>
-- !query output
2012-01-01 00:00:00


-- !query
select to_timestamp('123', 'yyy')
-- !query schema
struct<to_timestamp(123, yyy):timestamp>
-- !query output
0123-01-01 00:00:00


-- !query
select to_timestamp('123456', 'yyy')
-- !query schema
struct<to_timestamp(123456, yyy):timestamp>
-- !query output
123456-01-01 00:00:00


-- !query
select to_timestamp('1234', 'yyyy')
-- !query schema
struct<to_timestamp(1234, yyyy):timestamp>
-- !query output
1234-01-01 00:00:00


-- !query
select to_timestamp('12345', 'yyyyy')
-- !query schema
struct<to_timestamp(12345, yyyyy):timestamp>
-- !query output
12345-01-01 00:00:00


-- !query
select to_timestamp('123456', 'yyyyyy')
-- !query schema
struct<to_timestamp(123456, yyyyyy):timestamp>
-- !query output
123456-01-01 00:00:00


-- !query
select to_timestamp('9', 'D')
-- !query schema
struct<to_timestamp(9, D):timestamp>
-- !query output
1970-01-09 00:00:00


-- !query
select to_timestamp('300', 'D')
-- !query schema
struct<to_timestamp(300, D):timestamp>
-- !query output
1970-10-27 00:00:00


-- !query
select to_timestamp('09', 'DD')
-- !query schema
struct<to_timestamp(09, DD):timestamp>
-- !query output
1970-01-09 00:00:00


-- !query
select to_timestamp('99', 'DD')
-- !query schema
struct<to_timestamp(99, DD):timestamp>
-- !query output
1970-04-09 00:00:00


-- !query
select to_timestamp('009', 'DDD')
-- !query schema
struct<to_timestamp(009, DDD):timestamp>
-- !query output
1970-01-09 00:00:00


-- !query
select to_timestamp('365', 'DDD')
-- !query schema
struct<to_timestamp(365, DDD):timestamp>
-- !query output
1970-12-31 00:00:00


-- !query
select to_timestamp('31-365', 'dd-DDD')
-- !query schema
struct<to_timestamp(31-365, dd-DDD):timestamp>
-- !query output
1970-12-31 00:00:00


-- !query
select to_timestamp('12-365', 'MM-DDD')
-- !query schema
struct<to_timestamp(12-365, MM-DDD):timestamp>
-- !query output
1970-12-31 00:00:00


-- !query
select to_timestamp('2020-365', 'yyyy-DDD')
-- !query schema
struct<to_timestamp(2020-365, yyyy-DDD):timestamp>
-- !query output
2020-12-30 00:00:00


-- !query
select to_timestamp('12-31-365', 'MM-dd-DDD')
-- !query schema
struct<to_timestamp(12-31-365, MM-dd-DDD):timestamp>
-- !query output
1970-12-31 00:00:00


-- !query
select to_timestamp('2020-30-365', 'yyyy-dd-DDD')
-- !query schema
struct<to_timestamp(2020-30-365, yyyy-dd-DDD):timestamp>
-- !query output
2020-12-30 00:00:00


-- !query
select to_timestamp('2020-12-350', 'yyyy-MM-DDD')
-- !query schema
struct<to_timestamp(2020-12-350, yyyy-MM-DDD):timestamp>
-- !query output
2020-12-15 00:00:00


-- !query
select to_timestamp('2020-12-31-366', 'yyyy-MM-dd-DDD')
-- !query schema
struct<to_timestamp(2020-12-31-366, yyyy-MM-dd-DDD):timestamp>
-- !query output
2020-12-31 00:00:00
