-- Automatically generated by SQLQueryTestSuite
-- Number of queries: 2


-- !query 0
set spark.sql.legacy.useLegacyIntervalType=true
-- !query 0 schema
struct<key:string,value:string>
-- !query 0 output
spark.sql.legacy.useLegacyIntervalType	true


-- !query 1
SELECT
  cast(null as interval year to month), -- null
  cast(null as interval day to second),
  interval '0 day', -- 0
  interval '1 year', -- year only
  interval '1 month', -- month only
  interval '1 year 2 month', -- year month only
  interval '1 day -1 hours',
  interval '-1 day -1 hours',
  interval '-1 day 1 hours',
  interval '-1 days +1 hours',
  interval '-3 days 4 hours 5 minutes 6.789 seconds',
  - interval '-3 days 4 hours 5 minutes 6.789 seconds'
-- !query 1 schema
struct<CAST(NULL AS INTERVAL YEAR TO MONTH):interval year to month,CAST(NULL AS INTERVAL DAY TO SECOND):interval day to second,INTERVAL '0 seconds':interval,INTERVAL '1 years':interval,INTERVAL '1 months':interval,INTERVAL '1 years 2 months':interval,INTERVAL '1 days -1 hours':interval,INTERVAL '-1 days -1 hours':interval,INTERVAL '-1 days 1 hours':interval,INTERVAL '-1 days 1 hours':interval,INTERVAL '-3 days 4 hours 5 minutes 6.789 seconds':interval,(- INTERVAL '-3 days 4 hours 5 minutes 6.789 seconds'):interval>
-- !query 1 output
NULL	NULL	PT0S	P1Y	P1M	P1Y2M	P1DT-1H	P-1DT-1H	P-1DT1H	P-1DT1H	P-3DT4H5M6.789S	P3DT-4H-5M-6.789S
