-- Automatically generated by SQLQueryTestSuite
-- Number of queries: 5


-- !query
SET TIME ZONE 'Asia/Hong_Kong'
-- !query schema
struct<key:string,value:string>
-- !query output
spark.sql.session.timeZone	Asia/Hong_Kong


-- !query
SET TIME ZONE 'GMT+1'
-- !query schema
struct<key:string,value:string>
-- !query output
spark.sql.session.timeZone	GMT+1


-- !query
SET TIME ZONE 'invalid/zone'
-- !query schema
struct<>
-- !query output
java.lang.IllegalArgumentException
Cannot resolve the given timezone with ZoneId.of(_, ZoneId.SHORT_IDS)


-- !query
SET TIME ZONE LOCAL
-- !query schema
struct<key:string,value:string>
-- !query output
spark.sql.session.timeZone	America/Los_Angeles


-- !query
SET TIME ZONE ALL
-- !query schema
struct<id:string,name:string,offset:int,useDaylight:boolean>
-- !query output
ACT	Australian Central Standard Time (Northern Territory)	34200000	false
AET	Australian Eastern Standard Time (New South Wales)	36000000	true
AGT	Argentine Time	-10800000	false
ART	Eastern European Time	7200000	false
AST	Alaska Standard Time	-32400000	true
Africa/Abidjan	Greenwich Mean Time	0	false
Africa/Accra	Ghana Mean Time	0	false
Africa/Addis_Ababa	Eastern African Time	10800000	false
Africa/Algiers	Central European Time	3600000	false
Africa/Asmara	Eastern African Time	10800000	false
Africa/Asmera	Eastern African Time	10800000	false
Africa/Bamako	Greenwich Mean Time	0	false
Africa/Bangui	Western African Time	3600000	false
Africa/Banjul	Greenwich Mean Time	0	false
Africa/Bissau	Greenwich Mean Time	0	false
Africa/Blantyre	Central African Time	7200000	false
Africa/Brazzaville	Western African Time	3600000	false
Africa/Bujumbura	Central African Time	7200000	false
Africa/Cairo	Eastern European Time	7200000	false
Africa/Casablanca	Western European Time	0	false
Africa/Ceuta	Central European Time	3600000	true
Africa/Conakry	Greenwich Mean Time	0	false
Africa/Dakar	Greenwich Mean Time	0	false
Africa/Dar_es_Salaam	Eastern African Time	10800000	false
Africa/Djibouti	Eastern African Time	10800000	false
Africa/Douala	Western African Time	3600000	false
Africa/El_Aaiun	Western European Time	0	false
Africa/Freetown	Greenwich Mean Time	0	false
Africa/Gaborone	Central African Time	7200000	false
Africa/Harare	Central African Time	7200000	false
Africa/Johannesburg	South Africa Standard Time	7200000	false
Africa/Juba	Eastern African Time	10800000	false
Africa/Kampala	Eastern African Time	10800000	false
Africa/Khartoum	Central African Time	7200000	false
Africa/Kigali	Central African Time	7200000	false
Africa/Kinshasa	Western African Time	3600000	false
Africa/Lagos	Western African Time	3600000	false
Africa/Libreville	Western African Time	3600000	false
Africa/Lome	Greenwich Mean Time	0	false
Africa/Luanda	Western African Time	3600000	false
Africa/Lubumbashi	Central African Time	7200000	false
Africa/Lusaka	Central African Time	7200000	false
Africa/Malabo	Western African Time	3600000	false
Africa/Maputo	Central African Time	7200000	false
Africa/Maseru	South Africa Standard Time	7200000	false
Africa/Mbabane	South Africa Standard Time	7200000	false
Africa/Mogadishu	Eastern African Time	10800000	false
Africa/Monrovia	Greenwich Mean Time	0	false
Africa/Nairobi	Eastern African Time	10800000	false
Africa/Ndjamena	Western African Time	3600000	false
Africa/Niamey	Western African Time	3600000	false
Africa/Nouakchott	Greenwich Mean Time	0	false
Africa/Ouagadougou	Greenwich Mean Time	0	false
Africa/Porto-Novo	Western African Time	3600000	false
Africa/Sao_Tome	Greenwich Mean Time	0	false
Africa/Timbuktu	Greenwich Mean Time	0	false
Africa/Tripoli	Eastern European Time	7200000	false
Africa/Tunis	Central European Time	3600000	false
Africa/Windhoek	Central African Time	7200000	false
America/Adak	Hawaii Standard Time	-36000000	true
America/Anchorage	Alaska Standard Time	-32400000	true
America/Anguilla	Atlantic Standard Time	-14400000	false
America/Antigua	Atlantic Standard Time	-14400000	false
America/Araguaina	Brasilia Time	-10800000	false
America/Argentina/Buenos_Aires	Argentine Time	-10800000	false
America/Argentina/Catamarca	Argentine Time	-10800000	false
America/Argentina/ComodRivadavia	Argentine Time	-10800000	false
America/Argentina/Cordoba	Argentine Time	-10800000	false
America/Argentina/Jujuy	Argentine Time	-10800000	false
America/Argentina/La_Rioja	Argentine Time	-10800000	false
America/Argentina/Mendoza	Argentine Time	-10800000	false
America/Argentina/Rio_Gallegos	Argentine Time	-10800000	false
America/Argentina/Salta	Argentine Time	-10800000	false
America/Argentina/San_Juan	Argentine Time	-10800000	false
America/Argentina/San_Luis	Argentine Time	-10800000	false
America/Argentina/Tucuman	Argentine Time	-10800000	false
America/Argentina/Ushuaia	Argentine Time	-10800000	false
America/Aruba	Atlantic Standard Time	-14400000	false
America/Asuncion	Paraguay Time	-14400000	true
America/Atikokan	Eastern Standard Time	-18000000	false
America/Atka	Hawaii Standard Time	-36000000	true
America/Bahia	Brasilia Time	-10800000	false
America/Bahia_Banderas	Central Standard Time	-21600000	true
America/Barbados	Atlantic Standard Time	-14400000	false
America/Belem	Brasilia Time	-10800000	false
America/Belize	Central Standard Time	-21600000	false
America/Blanc-Sablon	Atlantic Standard Time	-14400000	false
America/Boa_Vista	Amazon Time	-14400000	false
America/Bogota	Colombia Time	-18000000	false
America/Boise	Mountain Standard Time	-25200000	true
America/Buenos_Aires	Argentine Time	-10800000	false
America/Cambridge_Bay	Mountain Standard Time	-25200000	true
America/Campo_Grande	Amazon Time	-14400000	false
America/Cancun	Eastern Standard Time	-18000000	false
America/Caracas	Venezuela Time	-14400000	false
America/Catamarca	Argentine Time	-10800000	false
America/Cayenne	French Guiana Time	-10800000	false
America/Cayman	Eastern Standard Time	-18000000	false
America/Chicago	Central Standard Time	-21600000	true
America/Chihuahua	Mountain Standard Time	-25200000	true
America/Coral_Harbour	Eastern Standard Time	-18000000	false
America/Cordoba	Argentine Time	-10800000	false
America/Costa_Rica	Central Standard Time	-21600000	false
America/Creston	Mountain Standard Time	-25200000	false
America/Cuiaba	Amazon Time	-14400000	false
America/Curacao	Atlantic Standard Time	-14400000	false
America/Danmarkshavn	Greenwich Mean Time	0	false
America/Dawson	Pacific Standard Time	-28800000	true
America/Dawson_Creek	Mountain Standard Time	-25200000	false
America/Denver	Mountain Standard Time	-25200000	true
America/Detroit	Eastern Standard Time	-18000000	true
America/Dominica	Atlantic Standard Time	-14400000	false
America/Edmonton	Mountain Standard Time	-25200000	true
America/Eirunepe	Acre Time	-18000000	false
America/El_Salvador	Central Standard Time	-21600000	false
America/Ensenada	Pacific Standard Time	-28800000	true
America/Fort_Nelson	Mountain Standard Time	-25200000	false
America/Fort_Wayne	Eastern Standard Time	-18000000	true
America/Fortaleza	Brasilia Time	-10800000	false
America/Glace_Bay	Atlantic Standard Time	-14400000	true
America/Godthab	Western Greenland Time	-10800000	true
America/Goose_Bay	Atlantic Standard Time	-14400000	true
America/Grand_Turk	Eastern Standard Time	-18000000	true
America/Grenada	Atlantic Standard Time	-14400000	false
America/Guadeloupe	Atlantic Standard Time	-14400000	false
America/Guatemala	Central Standard Time	-21600000	false
America/Guayaquil	Ecuador Time	-18000000	false
America/Guyana	Guyana Time	-14400000	false
America/Halifax	Atlantic Standard Time	-14400000	true
America/Havana	Cuba Standard Time	-18000000	true
America/Hermosillo	Mountain Standard Time	-25200000	false
America/Indiana/Indianapolis	Eastern Standard Time	-18000000	true
America/Indiana/Knox	Central Standard Time	-21600000	true
America/Indiana/Marengo	Eastern Standard Time	-18000000	true
America/Indiana/Petersburg	Eastern Standard Time	-18000000	true
America/Indiana/Tell_City	Central Standard Time	-21600000	true
America/Indiana/Vevay	Eastern Standard Time	-18000000	true
America/Indiana/Vincennes	Eastern Standard Time	-18000000	true
America/Indiana/Winamac	Eastern Standard Time	-18000000	true
America/Indianapolis	Eastern Standard Time	-18000000	true
America/Inuvik	Mountain Standard Time	-25200000	true
America/Iqaluit	Eastern Standard Time	-18000000	true
America/Jamaica	Eastern Standard Time	-18000000	false
America/Jujuy	Argentine Time	-10800000	false
America/Juneau	Alaska Standard Time	-32400000	true
America/Kentucky/Louisville	Eastern Standard Time	-18000000	true
America/Kentucky/Monticello	Eastern Standard Time	-18000000	true
America/Knox_IN	Central Standard Time	-21600000	true
America/Kralendijk	Atlantic Standard Time	-14400000	false
America/La_Paz	Bolivia Time	-14400000	false
America/Lima	Peru Time	-18000000	false
America/Los_Angeles	Pacific Standard Time	-28800000	true
America/Louisville	Eastern Standard Time	-18000000	true
America/Lower_Princes	Atlantic Standard Time	-14400000	false
America/Maceio	Brasilia Time	-10800000	false
America/Managua	Central Standard Time	-21600000	false
America/Manaus	Amazon Time	-14400000	false
America/Marigot	Atlantic Standard Time	-14400000	false
America/Martinique	Atlantic Standard Time	-14400000	false
America/Matamoros	Central Standard Time	-21600000	true
America/Mazatlan	Mountain Standard Time	-25200000	true
America/Mendoza	Argentine Time	-10800000	false
America/Menominee	Central Standard Time	-21600000	true
America/Merida	Central Standard Time	-21600000	true
America/Metlakatla	Alaska Standard Time	-32400000	true
America/Mexico_City	Central Standard Time	-21600000	true
America/Miquelon	Pierre & Miquelon Standard Time	-10800000	true
America/Moncton	Atlantic Standard Time	-14400000	true
America/Monterrey	Central Standard Time	-21600000	true
America/Montevideo	Uruguay Time	-10800000	false
America/Montreal	Eastern Standard Time	-18000000	true
America/Montserrat	Atlantic Standard Time	-14400000	false
America/Nassau	Eastern Standard Time	-18000000	true
America/New_York	Eastern Standard Time	-18000000	true
America/Nipigon	Eastern Standard Time	-18000000	true
America/Nome	Alaska Standard Time	-32400000	true
America/Noronha	Fernando de Noronha Time	-7200000	false
America/North_Dakota/Beulah	Central Standard Time	-21600000	true
America/North_Dakota/Center	Central Standard Time	-21600000	true
America/North_Dakota/New_Salem	Central Standard Time	-21600000	true
America/Ojinaga	Mountain Standard Time	-25200000	true
America/Panama	Eastern Standard Time	-18000000	false
America/Pangnirtung	Eastern Standard Time	-18000000	true
America/Paramaribo	Suriname Time	-10800000	false
America/Phoenix	Mountain Standard Time	-25200000	false
America/Port-au-Prince	Eastern Standard Time	-18000000	true
America/Port_of_Spain	Atlantic Standard Time	-14400000	false
America/Porto_Acre	Acre Time	-18000000	false
America/Porto_Velho	Amazon Time	-14400000	false
America/Puerto_Rico	Atlantic Standard Time	-14400000	false
America/Punta_Arenas	GMT-03:00	-10800000	false
America/Rainy_River	Central Standard Time	-21600000	true
America/Rankin_Inlet	Central Standard Time	-21600000	true
America/Recife	Brasilia Time	-10800000	false
America/Regina	Central Standard Time	-21600000	false
America/Resolute	Central Standard Time	-21600000	true
America/Rio_Branco	Acre Time	-18000000	false
America/Rosario	Argentine Time	-10800000	false
America/Santa_Isabel	Pacific Standard Time	-28800000	true
America/Santarem	Brasilia Time	-10800000	false
America/Santiago	Chile Time	-14400000	true
America/Santo_Domingo	Atlantic Standard Time	-14400000	false
America/Sao_Paulo	Brasilia Time	-10800000	false
America/Scoresbysund	Eastern Greenland Time	-3600000	true
America/Shiprock	Mountain Standard Time	-25200000	true
America/Sitka	Alaska Standard Time	-32400000	true
America/St_Barthelemy	Atlantic Standard Time	-14400000	false
America/St_Johns	Newfoundland Standard Time	-12600000	true
America/St_Kitts	Atlantic Standard Time	-14400000	false
America/St_Lucia	Atlantic Standard Time	-14400000	false
America/St_Thomas	Atlantic Standard Time	-14400000	false
America/St_Vincent	Atlantic Standard Time	-14400000	false
America/Swift_Current	Central Standard Time	-21600000	false
America/Tegucigalpa	Central Standard Time	-21600000	false
America/Thule	Atlantic Standard Time	-14400000	true
America/Thunder_Bay	Eastern Standard Time	-18000000	true
America/Tijuana	Pacific Standard Time	-28800000	true
America/Toronto	Eastern Standard Time	-18000000	true
America/Tortola	Atlantic Standard Time	-14400000	false
America/Vancouver	Pacific Standard Time	-28800000	true
America/Virgin	Atlantic Standard Time	-14400000	false
America/Whitehorse	Pacific Standard Time	-28800000	true
America/Winnipeg	Central Standard Time	-21600000	true
America/Yakutat	Alaska Standard Time	-32400000	true
America/Yellowknife	Mountain Standard Time	-25200000	true
Antarctica/Casey	Australian Western Standard Time	28800000	false
Antarctica/Davis	Davis Time	25200000	false
Antarctica/DumontDUrville	Dumont-d'Urville Time	36000000	false
Antarctica/Macquarie	Macquarie Island Standard Time	39600000	false
Antarctica/Mawson	Mawson Time	18000000	false
Antarctica/McMurdo	New Zealand Standard Time	43200000	true
Antarctica/Palmer	Chile Time	-10800000	false
Antarctica/Rothera	Rothera Time	-10800000	false
Antarctica/South_Pole	New Zealand Standard Time	43200000	true
Antarctica/Syowa	Syowa Time	10800000	false
Antarctica/Troll	Coordinated Universal Time	0	true
Antarctica/Vostok	Vostok Time	21600000	false
Arctic/Longyearbyen	Central European Time	3600000	true
Asia/Aden	Arabia Standard Time	10800000	false
Asia/Almaty	Alma-Ata Time	21600000	false
Asia/Amman	Eastern European Time	7200000	true
Asia/Anadyr	Anadyr Time	43200000	false
Asia/Aqtau	Aqtau Time	18000000	false
Asia/Aqtobe	Aqtobe Time	18000000	false
Asia/Ashgabat	Turkmenistan Time	18000000	false
Asia/Ashkhabad	Turkmenistan Time	18000000	false
Asia/Atyrau	GMT+05:00	18000000	false
Asia/Baghdad	Arabia Standard Time	10800000	false
Asia/Bahrain	Arabia Standard Time	10800000	false
Asia/Baku	Azerbaijan Time	14400000	false
Asia/Bangkok	Indochina Time	25200000	false
Asia/Barnaul	GMT+07:00	25200000	false
Asia/Beirut	Eastern European Time	7200000	true
Asia/Bishkek	Kirgizstan Time	21600000	false
Asia/Brunei	Brunei Time	28800000	false
Asia/Calcutta	India Standard Time	19800000	false
Asia/Chita	Yakutsk Time	32400000	false
Asia/Choibalsan	Choibalsan Time	28800000	false
Asia/Chongqing	China Standard Time	28800000	false
Asia/Chungking	China Standard Time	28800000	false
Asia/Colombo	India Standard Time	19800000	false
Asia/Dacca	Bangladesh Time	21600000	false
Asia/Damascus	Eastern European Time	7200000	true
Asia/Dhaka	Bangladesh Time	21600000	false
Asia/Dili	Timor-Leste Time	32400000	false
Asia/Dubai	Gulf Standard Time	14400000	false
Asia/Dushanbe	Tajikistan Time	18000000	false
Asia/Famagusta	GMT+02:00	7200000	true
Asia/Gaza	Eastern European Time	7200000	true
Asia/Harbin	China Standard Time	28800000	false
Asia/Hebron	Eastern European Time	7200000	true
Asia/Ho_Chi_Minh	Indochina Time	25200000	false
Asia/Hong_Kong	Hong Kong Time	28800000	false
Asia/Hovd	Hovd Time	25200000	false
Asia/Irkutsk	Irkutsk Time	28800000	false
Asia/Istanbul	Eastern European Time	10800000	false
Asia/Jakarta	West Indonesia Time	25200000	false
Asia/Jayapura	East Indonesia Time	32400000	false
Asia/Jerusalem	Israel Standard Time	7200000	true
Asia/Kabul	Afghanistan Time	16200000	false
Asia/Kamchatka	Petropavlovsk-Kamchatski Time	43200000	false
Asia/Karachi	Pakistan Time	18000000	false
Asia/Kashgar	Xinjiang Standard Time	21600000	false
Asia/Kathmandu	Nepal Time	20700000	false
Asia/Katmandu	Nepal Time	20700000	false
Asia/Khandyga	Yakutsk Time	32400000	false
Asia/Kolkata	India Standard Time	19800000	false
Asia/Krasnoyarsk	Krasnoyarsk Time	25200000	false
Asia/Kuala_Lumpur	Malaysia Time	28800000	false
Asia/Kuching	Malaysia Time	28800000	false
Asia/Kuwait	Arabia Standard Time	10800000	false
Asia/Macao	China Standard Time	28800000	false
Asia/Macau	China Standard Time	28800000	false
Asia/Magadan	Magadan Time	39600000	false
Asia/Makassar	Central Indonesia Time	28800000	false
Asia/Manila	Philippines Standard Time	28800000	false
Asia/Muscat	Gulf Standard Time	14400000	false
Asia/Nicosia	Eastern European Time	7200000	true
Asia/Novokuznetsk	Krasnoyarsk Time	25200000	false
Asia/Novosibirsk	Novosibirsk Time	25200000	false
Asia/Omsk	Omsk Time	21600000	false
Asia/Oral	Oral Time	18000000	false
Asia/Phnom_Penh	Indochina Time	25200000	false
Asia/Pontianak	West Indonesia Time	25200000	false
Asia/Pyongyang	Korea Standard Time	32400000	false
Asia/Qatar	Arabia Standard Time	10800000	false
Asia/Qostanay	GMT+06:00	21600000	false
Asia/Qyzylorda	Qyzylorda Time	18000000	false
Asia/Rangoon	Myanmar Time	23400000	false
Asia/Riyadh	Arabia Standard Time	10800000	false
Asia/Saigon	Indochina Time	25200000	false
Asia/Sakhalin	Sakhalin Time	39600000	false
Asia/Samarkand	Uzbekistan Time	18000000	false
Asia/Seoul	Korea Standard Time	32400000	false
Asia/Shanghai	China Standard Time	28800000	false
Asia/Singapore	Singapore Time	28800000	false
Asia/Srednekolymsk	Srednekolymsk Time	39600000	false
Asia/Taipei	China Standard Time	28800000	false
Asia/Tashkent	Uzbekistan Time	18000000	false
Asia/Tbilisi	Georgia Time	14400000	false
Asia/Tehran	Iran Standard Time	12600000	true
Asia/Tel_Aviv	Israel Standard Time	7200000	true
Asia/Thimbu	Bhutan Time	21600000	false
Asia/Thimphu	Bhutan Time	21600000	false
Asia/Tokyo	Japan Standard Time	32400000	false
Asia/Tomsk	GMT+07:00	25200000	false
Asia/Ujung_Pandang	Central Indonesia Time	28800000	false
Asia/Ulaanbaatar	Ulaanbaatar Time	28800000	false
Asia/Ulan_Bator	Ulaanbaatar Time	28800000	false
Asia/Urumqi	Xinjiang Standard Time	21600000	false
Asia/Ust-Nera	Ust-Nera Time	36000000	false
Asia/Vientiane	Indochina Time	25200000	false
Asia/Vladivostok	Vladivostok Time	36000000	false
Asia/Yakutsk	Yakutsk Time	32400000	false
Asia/Yangon	Myanmar Time	23400000	false
Asia/Yekaterinburg	Yekaterinburg Time	18000000	false
Asia/Yerevan	Armenia Time	14400000	false
Atlantic/Azores	Azores Time	-3600000	true
Atlantic/Bermuda	Atlantic Standard Time	-14400000	true
Atlantic/Canary	Western European Time	0	true
Atlantic/Cape_Verde	Cape Verde Time	-3600000	false
Atlantic/Faeroe	Western European Time	0	true
Atlantic/Faroe	Western European Time	0	true
Atlantic/Jan_Mayen	Central European Time	3600000	true
Atlantic/Madeira	Western European Time	0	true
Atlantic/Reykjavik	Greenwich Mean Time	0	false
Atlantic/South_Georgia	South Georgia Standard Time	-7200000	false
Atlantic/St_Helena	Greenwich Mean Time	0	false
Atlantic/Stanley	Falkland Is. Time	-10800000	false
Australia/ACT	Australian Eastern Standard Time (New South Wales)	36000000	true
Australia/Adelaide	Australian Central Standard Time (South Australia)	34200000	true
Australia/Brisbane	Australian Eastern Standard Time (Queensland)	36000000	false
Australia/Broken_Hill	Australian Central Standard Time (South Australia/New South Wales)	34200000	true
Australia/Canberra	Australian Eastern Standard Time (New South Wales)	36000000	true
Australia/Currie	Australian Eastern Standard Time (New South Wales)	36000000	true
Australia/Darwin	Australian Central Standard Time (Northern Territory)	34200000	false
Australia/Eucla	Australian Central Western Standard Time	31500000	false
Australia/Hobart	Australian Eastern Standard Time (Tasmania)	36000000	true
Australia/LHI	Lord Howe Standard Time	37800000	true
Australia/Lindeman	Australian Eastern Standard Time (Queensland)	36000000	false
Australia/Lord_Howe	Lord Howe Standard Time	37800000	true
Australia/Melbourne	Australian Eastern Standard Time (Victoria)	36000000	true
Australia/NSW	Australian Eastern Standard Time (New South Wales)	36000000	true
Australia/North	Australian Central Standard Time (Northern Territory)	34200000	false
Australia/Perth	Australian Western Standard Time	28800000	false
Australia/Queensland	Australian Eastern Standard Time (Queensland)	36000000	false
Australia/South	Australian Central Standard Time (South Australia)	34200000	true
Australia/Sydney	Australian Eastern Standard Time (New South Wales)	36000000	true
Australia/Tasmania	Australian Eastern Standard Time (Tasmania)	36000000	true
Australia/Victoria	Australian Eastern Standard Time (Victoria)	36000000	true
Australia/West	Australian Western Standard Time	28800000	false
Australia/Yancowinna	Australian Central Standard Time (South Australia/New South Wales)	34200000	true
BET	Brasilia Time	-10800000	false
BST	Bangladesh Time	21600000	false
Brazil/Acre	Acre Time	-18000000	false
Brazil/DeNoronha	Fernando de Noronha Time	-7200000	false
Brazil/East	Brasilia Time	-10800000	false
Brazil/West	Amazon Time	-14400000	false
CAT	Central African Time	7200000	false
CET	Central European Time	3600000	true
CNT	Newfoundland Standard Time	-12600000	true
CST	Central Standard Time	-21600000	true
CST6CDT	Central Standard Time	-21600000	true
CTT	China Standard Time	28800000	false
Canada/Atlantic	Atlantic Standard Time	-14400000	true
Canada/Central	Central Standard Time	-21600000	true
Canada/Eastern	Eastern Standard Time	-18000000	true
Canada/Mountain	Mountain Standard Time	-25200000	true
Canada/Newfoundland	Newfoundland Standard Time	-12600000	true
Canada/Pacific	Pacific Standard Time	-28800000	true
Canada/Saskatchewan	Central Standard Time	-21600000	false
Canada/Yukon	Pacific Standard Time	-28800000	true
Chile/Continental	Chile Time	-14400000	true
Chile/EasterIsland	Easter Is. Time	-21600000	true
Cuba	Cuba Standard Time	-18000000	true
EAT	Eastern African Time	10800000	false
ECT	Central European Time	3600000	true
EET	Eastern European Time	7200000	true
EST	Eastern Standard Time	-18000000	false
EST5EDT	Eastern Standard Time	-18000000	true
Egypt	Eastern European Time	7200000	false
Eire	Greenwich Mean Time	0	true
Etc/GMT	Greenwich Mean Time	0	false
Etc/GMT+0	Greenwich Mean Time	0	false
Etc/GMT+1	GMT-01:00	-3600000	false
Etc/GMT+10	GMT-10:00	-36000000	false
Etc/GMT+11	GMT-11:00	-39600000	false
Etc/GMT+12	GMT-12:00	-43200000	false
Etc/GMT+2	GMT-02:00	-7200000	false
Etc/GMT+3	GMT-03:00	-10800000	false
Etc/GMT+4	GMT-04:00	-14400000	false
Etc/GMT+5	GMT-05:00	-18000000	false
Etc/GMT+6	GMT-06:00	-21600000	false
Etc/GMT+7	GMT-07:00	-25200000	false
Etc/GMT+8	GMT-08:00	-28800000	false
Etc/GMT+9	GMT-09:00	-32400000	false
Etc/GMT-0	Greenwich Mean Time	0	false
Etc/GMT-1	GMT+01:00	3600000	false
Etc/GMT-10	GMT+10:00	36000000	false
Etc/GMT-11	GMT+11:00	39600000	false
Etc/GMT-12	GMT+12:00	43200000	false
Etc/GMT-13	GMT+13:00	46800000	false
Etc/GMT-14	GMT+14:00	50400000	false
Etc/GMT-2	GMT+02:00	7200000	false
Etc/GMT-3	GMT+03:00	10800000	false
Etc/GMT-4	GMT+04:00	14400000	false
Etc/GMT-5	GMT+05:00	18000000	false
Etc/GMT-6	GMT+06:00	21600000	false
Etc/GMT-7	GMT+07:00	25200000	false
Etc/GMT-8	GMT+08:00	28800000	false
Etc/GMT-9	GMT+09:00	32400000	false
Etc/GMT0	Greenwich Mean Time	0	false
Etc/Greenwich	Greenwich Mean Time	0	false
Etc/UCT	Coordinated Universal Time	0	false
Etc/UTC	Coordinated Universal Time	0	false
Etc/Universal	Coordinated Universal Time	0	false
Etc/Zulu	Coordinated Universal Time	0	false
Europe/Amsterdam	Central European Time	3600000	true
Europe/Andorra	Central European Time	3600000	true
Europe/Astrakhan	GMT+04:00	14400000	false
Europe/Athens	Eastern European Time	7200000	true
Europe/Belfast	Greenwich Mean Time	0	true
Europe/Belgrade	Central European Time	3600000	true
Europe/Berlin	Central European Time	3600000	true
Europe/Bratislava	Central European Time	3600000	true
Europe/Brussels	Central European Time	3600000	true
Europe/Bucharest	Eastern European Time	7200000	true
Europe/Budapest	Central European Time	3600000	true
Europe/Busingen	Central European Time	3600000	true
Europe/Chisinau	Eastern European Time	7200000	true
Europe/Copenhagen	Central European Time	3600000	true
Europe/Dublin	Greenwich Mean Time	0	true
Europe/Gibraltar	Central European Time	3600000	true
Europe/Guernsey	Greenwich Mean Time	0	true
Europe/Helsinki	Eastern European Time	7200000	true
Europe/Isle_of_Man	Greenwich Mean Time	0	true
Europe/Istanbul	Eastern European Time	10800000	false
Europe/Jersey	Greenwich Mean Time	0	true
Europe/Kaliningrad	Eastern European Time	7200000	false
Europe/Kiev	Eastern European Time	7200000	true
Europe/Kirov	GMT+03:00	10800000	false
Europe/Lisbon	Western European Time	0	true
Europe/Ljubljana	Central European Time	3600000	true
Europe/London	Greenwich Mean Time	0	true
Europe/Luxembourg	Central European Time	3600000	true
Europe/Madrid	Central European Time	3600000	true
Europe/Malta	Central European Time	3600000	true
Europe/Mariehamn	Eastern European Time	7200000	true
Europe/Minsk	Moscow Standard Time	10800000	false
Europe/Monaco	Central European Time	3600000	true
Europe/Moscow	Moscow Standard Time	10800000	false
Europe/Nicosia	Eastern European Time	7200000	true
Europe/Oslo	Central European Time	3600000	true
Europe/Paris	Central European Time	3600000	true
Europe/Podgorica	Central European Time	3600000	true
Europe/Prague	Central European Time	3600000	true
Europe/Riga	Eastern European Time	7200000	true
Europe/Rome	Central European Time	3600000	true
Europe/Samara	Samara Time	14400000	false
Europe/San_Marino	Central European Time	3600000	true
Europe/Sarajevo	Central European Time	3600000	true
Europe/Saratov	GMT+04:00	14400000	false
Europe/Simferopol	Moscow Standard Time	10800000	false
Europe/Skopje	Central European Time	3600000	true
Europe/Sofia	Eastern European Time	7200000	true
Europe/Stockholm	Central European Time	3600000	true
Europe/Tallinn	Eastern European Time	7200000	true
Europe/Tirane	Central European Time	3600000	true
Europe/Tiraspol	Eastern European Time	7200000	true
Europe/Ulyanovsk	GMT+04:00	14400000	false
Europe/Uzhgorod	Eastern European Time	7200000	true
Europe/Vaduz	Central European Time	3600000	true
Europe/Vatican	Central European Time	3600000	true
Europe/Vienna	Central European Time	3600000	true
Europe/Vilnius	Eastern European Time	7200000	true
Europe/Volgograd	Moscow Standard Time	14400000	false
Europe/Warsaw	Central European Time	3600000	true
Europe/Zagreb	Central European Time	3600000	true
Europe/Zaporozhye	Eastern European Time	7200000	true
Europe/Zurich	Central European Time	3600000	true
GB	Greenwich Mean Time	0	true
GB-Eire	Greenwich Mean Time	0	true
GMT	Greenwich Mean Time	0	false
GMT0	Greenwich Mean Time	0	false
Greenwich	Greenwich Mean Time	0	false
HST	Hawaii Standard Time	-36000000	false
Hongkong	Hong Kong Time	28800000	false
IET	Eastern Standard Time	-18000000	true
IST	India Standard Time	19800000	false
Iceland	Greenwich Mean Time	0	false
Indian/Antananarivo	Eastern African Time	10800000	false
Indian/Chagos	Indian Ocean Territory Time	21600000	false
Indian/Christmas	Christmas Island Time	25200000	false
Indian/Cocos	Cocos Islands Time	23400000	false
Indian/Comoro	Eastern African Time	10800000	false
Indian/Kerguelen	French Southern & Antarctic Lands Time	18000000	false
Indian/Mahe	Seychelles Time	14400000	false
Indian/Maldives	Maldives Time	18000000	false
Indian/Mauritius	Mauritius Time	14400000	false
Indian/Mayotte	Eastern African Time	10800000	false
Indian/Reunion	Reunion Time	14400000	false
Iran	Iran Standard Time	12600000	true
Israel	Israel Standard Time	7200000	true
JST	Japan Standard Time	32400000	false
Jamaica	Eastern Standard Time	-18000000	false
Japan	Japan Standard Time	32400000	false
Kwajalein	Marshall Islands Time	43200000	false
Libya	Eastern European Time	7200000	false
MET	Middle Europe Time	3600000	true
MIT	West Samoa Standard Time	46800000	true
MST	Mountain Standard Time	-25200000	false
MST7MDT	Mountain Standard Time	-25200000	true
Mexico/BajaNorte	Pacific Standard Time	-28800000	true
Mexico/BajaSur	Mountain Standard Time	-25200000	true
Mexico/General	Central Standard Time	-21600000	true
NET	Armenia Time	14400000	false
NST	New Zealand Standard Time	43200000	true
NZ	New Zealand Standard Time	43200000	true
NZ-CHAT	Chatham Standard Time	45900000	true
Navajo	Mountain Standard Time	-25200000	true
PLT	Pakistan Time	18000000	false
PNT	Mountain Standard Time	-25200000	false
PRC	China Standard Time	28800000	false
PRT	Atlantic Standard Time	-14400000	false
PST	Pacific Standard Time	-28800000	true
PST8PDT	Pacific Standard Time	-28800000	true
Pacific/Apia	West Samoa Standard Time	46800000	true
Pacific/Auckland	New Zealand Standard Time	43200000	true
Pacific/Bougainville	Bougainville Standard Time	39600000	false
Pacific/Chatham	Chatham Standard Time	45900000	true
Pacific/Chuuk	Chuuk Time	36000000	false
Pacific/Easter	Easter Is. Time	-21600000	true
Pacific/Efate	Vanuatu Time	39600000	false
Pacific/Enderbury	Phoenix Is. Time	46800000	false
Pacific/Fakaofo	Tokelau Time	46800000	false
Pacific/Fiji	Fiji Time	43200000	true
Pacific/Funafuti	Tuvalu Time	43200000	false
Pacific/Galapagos	Galapagos Time	-21600000	false
Pacific/Gambier	Gambier Time	-32400000	false
Pacific/Guadalcanal	Solomon Is. Time	39600000	false
Pacific/Guam	Chamorro Standard Time	36000000	false
Pacific/Honolulu	Hawaii Standard Time	-36000000	false
Pacific/Johnston	Hawaii Standard Time	-36000000	false
Pacific/Kiritimati	Line Is. Time	50400000	false
Pacific/Kosrae	Kosrae Time	39600000	false
Pacific/Kwajalein	Marshall Islands Time	43200000	false
Pacific/Majuro	Marshall Islands Time	43200000	false
Pacific/Marquesas	Marquesas Time	-34200000	false
Pacific/Midway	Samoa Standard Time	-39600000	false
Pacific/Nauru	Nauru Time	43200000	false
Pacific/Niue	Niue Time	-39600000	false
Pacific/Norfolk	Norfolk Time	39600000	true
Pacific/Noumea	New Caledonia Time	39600000	false
Pacific/Pago_Pago	Samoa Standard Time	-39600000	false
Pacific/Palau	Palau Time	32400000	false
Pacific/Pitcairn	Pitcairn Standard Time	-28800000	false
Pacific/Pohnpei	Pohnpei Time	39600000	false
Pacific/Ponape	Pohnpei Time	39600000	false
Pacific/Port_Moresby	Papua New Guinea Time	36000000	false
Pacific/Rarotonga	Cook Is. Time	-36000000	false
Pacific/Saipan	Chamorro Standard Time	36000000	false
Pacific/Samoa	Samoa Standard Time	-39600000	false
Pacific/Tahiti	Tahiti Time	-36000000	false
Pacific/Tarawa	Gilbert Is. Time	43200000	false
Pacific/Tongatapu	Tonga Time	46800000	false
Pacific/Truk	Chuuk Time	36000000	false
Pacific/Wake	Wake Time	43200000	false
Pacific/Wallis	Wallis & Futuna Time	43200000	false
Pacific/Yap	Chuuk Time	36000000	false
Poland	Central European Time	3600000	true
Portugal	Western European Time	0	true
ROK	Korea Standard Time	32400000	false
SST	Solomon Is. Time	39600000	false
Singapore	Singapore Time	28800000	false
SystemV/AST4	Atlantic Standard Time	-14400000	false
SystemV/AST4ADT	Atlantic Standard Time	-14400000	true
SystemV/CST6	Central Standard Time	-21600000	false
SystemV/CST6CDT	Central Standard Time	-21600000	true
SystemV/EST5	Eastern Standard Time	-18000000	false
SystemV/EST5EDT	Eastern Standard Time	-18000000	true
SystemV/HST10	Hawaii Standard Time	-36000000	false
SystemV/MST7	Mountain Standard Time	-25200000	false
SystemV/MST7MDT	Mountain Standard Time	-25200000	true
SystemV/PST8	Pacific Standard Time	-28800000	false
SystemV/PST8PDT	Pacific Standard Time	-28800000	true
SystemV/YST9	Alaska Standard Time	-32400000	false
SystemV/YST9YDT	Alaska Standard Time	-32400000	true
Turkey	Eastern European Time	10800000	false
UCT	Coordinated Universal Time	0	false
US/Alaska	Alaska Standard Time	-32400000	true
US/Aleutian	Hawaii Standard Time	-36000000	true
US/Arizona	Mountain Standard Time	-25200000	false
US/Central	Central Standard Time	-21600000	true
US/East-Indiana	Eastern Standard Time	-18000000	true
US/Eastern	Eastern Standard Time	-18000000	true
US/Hawaii	Hawaii Standard Time	-36000000	false
US/Indiana-Starke	Central Standard Time	-21600000	true
US/Michigan	Eastern Standard Time	-18000000	true
US/Mountain	Mountain Standard Time	-25200000	true
US/Pacific	Pacific Standard Time	-28800000	true
US/Pacific-New	Pacific Standard Time	-28800000	true
US/Samoa	Samoa Standard Time	-39600000	false
UTC	Coordinated Universal Time	0	false
Universal	Coordinated Universal Time	0	false
VST	Indochina Time	25200000	false
W-SU	Moscow Standard Time	10800000	false
WET	Western European Time	0	true
Zulu	Coordinated Universal Time	0	false
