-- Automatically generated by SQLQueryTestSuite
-- Number of queries: 24


-- !query 0
SELECT interval '999' second
-- !query 0 schema
struct<0:16:39:interval>
-- !query 0 output
0:16:39


-- !query 1
SELECT interval '999' minute
-- !query 1 schema
struct<16:39:00:interval>
-- !query 1 output
16:39:00


-- !query 2
SELECT interval '999' hour
-- !query 2 schema
struct<999:00:00:interval>
-- !query 2 output
999:00:00


-- !query 3
SELECT interval '999' day
-- !query 3 schema
struct<999:interval>
-- !query 3 output
999


-- !query 4
SELECT interval '999' month
-- !query 4 schema
struct<83-3:interval>
-- !query 4 output
83-3


-- !query 5
SELECT interval '1' year
-- !query 5 schema
struct<1-0:interval>
-- !query 5 output
1-0


-- !query 6
SELECT interval '2' month
-- !query 6 schema
struct<0-2:interval>
-- !query 6 output
0-2


-- !query 7
SELECT interval '3' day
-- !query 7 schema
struct<3:interval>
-- !query 7 output
3


-- !query 8
SELECT interval '4' hour
-- !query 8 schema
struct<4:00:00:interval>
-- !query 8 output
4:00:00


-- !query 9
SELECT interval '5' minute
-- !query 9 schema
struct<0:05:00:interval>
-- !query 9 output
0:05:00


-- !query 10
SELECT interval '6' second
-- !query 10 schema
struct<0:00:06:interval>
-- !query 10 output
0:00:06


-- !query 11
SELECT interval '1-2' year to month
-- !query 11 schema
struct<1-2:interval>
-- !query 11 output
1-2


-- !query 12
SELECT interval '1 2:03' day to hour
-- !query 12 schema
struct<1 2:00:00:interval>
-- !query 12 output
1 2:00:00


-- !query 13
SELECT interval '1 2:03:04' day to hour
-- !query 13 schema
struct<1 2:00:00:interval>
-- !query 13 output
1 2:00:00


-- !query 14
SELECT interval '1 2:03' day to minute
-- !query 14 schema
struct<1 2:03:00:interval>
-- !query 14 output
1 2:03:00


-- !query 15
SELECT interval '1 2:03:04' day to minute
-- !query 15 schema
struct<1 2:03:00:interval>
-- !query 15 output
1 2:03:00


-- !query 16
SELECT interval '1 2:03' day to second
-- !query 16 schema
struct<1 2:03:00:interval>
-- !query 16 output
1 2:03:00


-- !query 17
SELECT interval '1 2:03:04' day to second
-- !query 17 schema
struct<1 2:03:04:interval>
-- !query 17 output
1 2:03:04


-- !query 18
SELECT interval '1 2:03' hour to minute
-- !query 18 schema
struct<1 2:03:00:interval>
-- !query 18 output
1 2:03:00


-- !query 19
SELECT interval '1 2:03:04' hour to minute
-- !query 19 schema
struct<1 2:03:00:interval>
-- !query 19 output
1 2:03:00


-- !query 20
SELECT interval '1 2:03' hour to second
-- !query 20 schema
struct<1 2:03:00:interval>
-- !query 20 output
1 2:03:00


-- !query 21
SELECT interval '1 2:03:04' hour to second
-- !query 21 schema
struct<1 2:03:04:interval>
-- !query 21 output
1 2:03:04


-- !query 22
SELECT interval '1 2:03' minute to second
-- !query 22 schema
struct<1 0:02:03:interval>
-- !query 22 output
1 0:02:03


-- !query 23
SELECT interval '1 2:03:04' minute to second
-- !query 23 schema
struct<1 2:03:04:interval>
-- !query 23 output
1 2:03:04
